 ceddk

 Timestamp is 4f87b395 (Fri Apr 13 13:03:17 2012)

 Preferred load address is 10000000

 Start         Length     Name                   Class
 0001:00000000 00000004H .CRT$XCA                CODE
 0001:00000004 00000004H .CRT$XCZ                CODE
 0001:00000008 00000004H .CRT$XIA                CODE
 0001:0000000c 00000004H .CRT$XIZ                CODE
 0001:00000010 00000004H .CRT$XPA                CODE
 0001:00000014 00000004H .CRT$XPZ                CODE
 0001:00000018 00000004H .CRT$XTA                CODE
 0001:0000001c 00000004H .CRT$XTZ                CODE
 0001:00000020 000004bcH .rdata                  CODE
 0001:000004dc 00000022H .rdata$debug            CODE
 0001:00000500 00004268H .text                   CODE
 0001:00004768 00000048H .xdata                  CODE
 0001:000047b0 00000014H .idata$2                CODE
 0001:000047c4 00000014H .idata$3                CODE
 0001:000047d8 000000ecH .idata$4                CODE
 0001:000048c4 0000000cH .idata$6                CODE
 0001:000048d0 000009ecH .edata                  CODE
 0002:00000000 000000ecH .idata$5                DATA
 0002:000000ec 0000000cH .data                   DATA
 0002:000000f8 0000003cH .bss                    DATA
 0003:00000000 000003f8H .pdata                  DATA

  Address         Publics by Value              Rva+Base       Lib:Object

 0000:00000000       ___safe_se_handler_table   00000000     <absolute>
 0000:00000000       ___safe_se_handler_count   00000000     <absolute>
 0001:00000000       __xc_a                     10001000     corelib0:crt0init.obj
 0001:00000004       __xc_z                     10001004     corelib0:crt0init.obj
 0001:00000008       __xi_a                     10001008     corelib0:crt0init.obj
 0001:0000000c       __xi_z                     1000100c     corelib0:crt0init.obj
 0001:00000010       __xp_a                     10001010     corelib0:crt0init.obj
 0001:00000014       __xp_z                     10001014     corelib0:crt0init.obj
 0001:00000018       __xt_a                     10001018     corelib0:crt0init.obj
 0001:0000001c       __xt_z                     1000101c     corelib0:crt0init.obj
 0001:000001f0       ??_C@_04JCONDJKL@DDKN?$AA@ 100011f0     ddk_bus:notify.obj
 0001:000001f8       ??_C@_1CA@ECLDCHND@?$AAR?$AAe?$AAf?$AAl?$AAe?$AAc?$AAt?$AAo?$AAr?$AAH?$AAa?$AAn?$AAd?$AAl?$AAe?$AA?$AA@ 100011f8     ddk_bus:drvbus.obj
 0001:00000218       ??_C@_17OGBPPHLA@?$AAH?$AAn?$AAd?$AA?$AA@ 10001218     ddk_bus:drvbus.obj
 0001:00000220       dmaDriverPath              10001220     ddk_dma:ddk_dma.obj
 0001:00000238       dmaDriverName              10001238     ddk_dma:ddk_dma.obj
 0001:00000250       ??_C@_1II@DMGIDHM@?$AAH?$AAa?$AAl?$AAA?$AAl?$AAl?$AAo?$AAc?$AAa?$AAt?$AAe?$AAC?$AAo?$AAm?$AAm?$AAo?$AAn?$AAB?$AAu?$AAf?$AAf?$AAe?$AAr?$AA?3?$AA?5?$AAf?$AAa?$AAi?$AAl?$AAe?$AAd?$AA?5@ 10001250     ddk_dma:ddk_dma.obj
 0001:000002d8       ??_C@_1II@KHPKJBHC@?$AAH?$AAa?$AAl?$AAA?$AAl?$AAl?$AAo?$AAc?$AAa?$AAt?$AAe?$AAC?$AAo?$AAm?$AAm?$AAo?$AAn?$AAB?$AAu?$AAf?$AAf?$AAe?$AAr?$AA?3?$AA?5?$AAm?$AAe?$AAm?$AAo?$AAr?$AAy?$AA?5@ 100012d8     ddk_dma:ddk_dma.obj
 0001:00000360       ??_C@_1BE@PFMCPGJC@?$AAT?$AAh?$AAr?$AAe?$AAa?$AAd?$AAP?$AAr?$AAi?$AA?$AA@ 10001360     ddk_time:ddk_time.obj
 0001:00000374       ??_C@_1CC@LCBAJDIB@?$AAI?$AAn?$AAi?$AAt?$AAS?$AAt?$AAa?$AAl?$AAl?$AAC?$AAo?$AAu?$AAn?$AAt?$AAe?$AAr?$AA?$AA@ 10001374     ddk_time:ddk_time.obj
 0001:00000398       ??_C@_1CC@LLDIACGB@?$AAM?$AAa?$AAx?$AAC?$AAa?$AAl?$AAi?$AAb?$AAA?$AAt?$AAt?$AAe?$AAm?$AAp?$AAt?$AAs?$AA?$AA@ 10001398     ddk_time:ddk_time.obj
 0001:000003bc       ??_C@_1CG@KGDKIHGE@?$AAN?$AAu?$AAm?$AAC?$AAa?$AAl?$AAi?$AAb?$AAA?$AAc?$AAc?$AAe?$AAp?$AAt?$AAH?$AAi?$AAt?$AAs?$AA?$AA@ 100013bc     ddk_time:ddk_time.obj
 0001:000003e4       ??_C@_1BK@EPHPAOMP@?$AAS?$AAt?$AAa?$AAl?$AAl?$AAC?$AAo?$AAu?$AAn?$AAt?$AAe?$AAr?$AA?$AA@ 100013e4     ddk_time:ddk_time.obj
 0001:00000400       ??_C@_1CM@GACOAEOD@?$AAC?$AAa?$AAl?$AAi?$AAb?$AAr?$AAa?$AAt?$AAe?$AAS?$AAt?$AAa?$AAl?$AAl?$AAC?$AAo?$AAu?$AAn?$AAt?$AAe?$AAr?$AA?$AA@ 10001400     ddk_time:ddk_time.obj
 0001:0000042c       ??_C@_1BK@OOAFBID@?$AAS?$AAy?$AAs?$AAt?$AAe?$AAm?$AA?2?$AAC?$AAe?$AAd?$AAd?$AAk?$AA?$AA@ 1000142c     ddk_time:ddk_time.obj
 0001:00000448       ??_C@_1CA@DDPBCKNC@?$AAR?$AAe?$AAg?$AAC?$AAr?$AAe?$AAa?$AAt?$AAe?$AAK?$AAe?$AAy?$AAE?$AAx?$AAW?$AA?$AA@ 10001448     ddk_time:ddk_time.obj
 0001:00000468       ??_C@_1BI@FBGIJHPE@?$AAR?$AAe?$AAg?$AAC?$AAl?$AAo?$AAs?$AAe?$AAK?$AAe?$AAy?$AA?$AA@ 10001468     ddk_time:ddk_time.obj
 0001:00000480       ??_C@_1CC@KOJKGDIE@?$AAR?$AAe?$AAg?$AAQ?$AAu?$AAe?$AAr?$AAy?$AAV?$AAa?$AAl?$AAu?$AAe?$AAE?$AAx?$AAW?$AA?$AA@ 10001480     ddk_time:ddk_time.obj
 0001:000004a4       ??_C@_1BO@FJAFIJCI@?$AAR?$AAe?$AAg?$AAS?$AAe?$AAt?$AAV?$AAa?$AAl?$AAu?$AAe?$AAE?$AAx?$AAW?$AA?$AA@ 100014a4     ddk_time:ddk_time.obj
 0001:000004c4       ??_C@_1BI@CJKPFBEK@?$AAc?$AAo?$AAr?$AAe?$AAd?$AAl?$AAl?$AA?4?$AAd?$AAl?$AAl?$AA?$AA@ 100014c4     ddk_time:ddk_time.obj
 0001:00000500       HalGetBusDataByOffset      10001500 f   ddk_bus:data.obj
 0001:000005ac       HalSetBusDataByOffset      100015ac f   ddk_bus:data.obj
 0001:00000658       HalTranslateBusAddress     10001658 f   ddk_bus:trans.obj
 0001:00000724       HalTranslateSystemAddress  10001724 f   ddk_bus:trans.obj
 0001:000007c4       CreateBusAccessHandle      100017c4 f   ddk_bus:drvbusc.obj
 0001:000007f8       SetDevicePowerState        100017f8 f   ddk_bus:drvbusc.obj
 0001:00000824       GetDevicePowerState        10001824 f   ddk_bus:drvbusc.obj
 0001:00000850       TranslateBusAddr           10001850 f   ddk_bus:drvbusc.obj
 0001:000008a0       TranslateSystemAddr        100018a0 f   ddk_bus:drvbusc.obj
 0001:000008e8       SetDeviceConfigurationData 100018e8 f   ddk_bus:drvbusc.obj
 0001:00000930       GetDeviceConfigurationData 10001930 f   ddk_bus:drvbusc.obj
 0001:00000978       GetParentDeviceInfo        10001978 f   ddk_bus:drvbusc.obj
 0001:000009a4       GetChildDeviceRemoveState  100019a4 f   ddk_bus:drvbusc.obj
 0001:000009d0       GetBusNamePrefix           100019d0 f   ddk_bus:drvbusc.obj
 0001:000009fc       BusTransBusAddrToVirtual   100019fc f   ddk_bus:drvbusc.obj
 0001:00000a88       BusTransBusAddrToStatic    10001a88 f   ddk_bus:drvbusc.obj
 0001:00000b58       BusIoControl               10001b58 f   ddk_bus:drvbusc.obj
 0001:00000ba8       BusChildIoControl          10001ba8 f   ddk_bus:drvbusc.obj
 0001:00000bd4       CloseBusAccessHandle       10001bd4 f   ddk_bus:drvbusc.obj
 0001:00000ce4       CeDriverMapCallbackFunction 10001ce4 f   ddk_bus:notify.obj
 0001:00000d88       CeDriverPerformCallback    10001d88 f   ddk_bus:notify.obj
 0001:00000dc0       CeDriverGetDirectCaller    10001dc0 f   ddk_bus:notify.obj
 0001:00000e08       CeDriverDuplicateCallerHandle 10001e08 f   ddk_bus:notify.obj
 0001:00000eb4       ??0CRegistryEdit@@QAA@PAUHKEY__@@PBG@Z 10001eb4 f i ddk_bus:drvbus.obj
 0001:00000f0c       ??0ParentBusAccess@@QAA@PBG@Z 10001f0c f   ddk_bus:drvbus.obj
 0001:00001104       ??1ParentBusAccess@@QAA@XZ 10002104 f   ddk_bus:drvbus.obj
 0001:0000113c       ?SetDevicePowerState@ParentBusAccess@@QAAHW4_CEDEVICE_POWER_STATE@@PAX@Z 1000213c f   ddk_bus:drvbus.obj
 0001:000011d0       ?GetDevicePowerState@ParentBusAccess@@QAAHPAW4_CEDEVICE_POWER_STATE@@PAX@Z 100021d0 f   ddk_bus:drvbus.obj
 0001:00001274       ?TranslateBusAddr@ParentBusAccess@@QAAHW4_INTERFACE_TYPE@@KT_LARGE_INTEGER@@PAKPAT3@@Z 10002274 f   ddk_bus:drvbus.obj
 0001:000013b0       ?TranslateSystemAddr@ParentBusAccess@@QAAHW4_INTERFACE_TYPE@@KT_LARGE_INTEGER@@PAT3@@Z 100023b0 f   ddk_bus:drvbus.obj
 0001:000014b4       ?SetDeviceConfigurationData@ParentBusAccess@@QAAKKKKKKPAX@Z 100024b4 f   ddk_bus:drvbus.obj
 0001:000015c8       ?GetDeviceConfigurationData@ParentBusAccess@@QAAKKKKKKPAX@Z 100025c8 f   ddk_bus:drvbus.obj
 0001:000016f4       ?GetParentDeviceInfo@ParentBusAccess@@QAAHPAU_DevmgrDeviceInformation_tag@@@Z 100026f4 f   ddk_bus:drvbus.obj
 0001:00001798       ?GetChildDeviceRemoveState@ParentBusAccess@@QAAHPAK@Z 10002798 f   ddk_bus:drvbus.obj
 0001:00001814       ?GetBusNamePrefix@ParentBusAccess@@QAAHPAGK@Z 10002814 f   ddk_bus:drvbus.obj
 0001:00001894       ?Ioctl@ParentBusAccess@@QAAHKPAXK0KPAKPAU_OVERLAPPED@@@Z 10002894 f   ddk_bus:drvbus.obj
 0001:000018e8       ?ChildIoctl@ParentBusAccess@@QAAHKPAXK@Z 100028e8 f   ddk_bus:drvbus.obj
 0001:00001948       READ_REGISTER_UCHAR        10002948 f   ddk_io:ddk_io.obj
 0001:00001950       READ_REGISTER_USHORT       10002950 f   ddk_io:ddk_io.obj
 0001:00001958       READ_REGISTER_ULONG        10002958 f   ddk_io:ddk_io.obj
 0001:00001960       READ_REGISTER_BUFFER_UCHAR 10002960 f   ddk_io:ddk_io.obj
 0001:0000197c       READ_REGISTER_BUFFER_USHORT 1000297c f   ddk_io:ddk_io.obj
 0001:00001998       READ_REGISTER_BUFFER_ULONG 10002998 f   ddk_io:ddk_io.obj
 0001:000019b4       WRITE_REGISTER_UCHAR       100029b4 f   ddk_io:ddk_io.obj
 0001:000019bc       WRITE_REGISTER_USHORT      100029bc f   ddk_io:ddk_io.obj
 0001:000019c4       WRITE_REGISTER_ULONG       100029c4 f   ddk_io:ddk_io.obj
 0001:000019cc       WRITE_REGISTER_BUFFER_UCHAR 100029cc f   ddk_io:ddk_io.obj
 0001:000019e8       WRITE_REGISTER_BUFFER_USHORT 100029e8 f   ddk_io:ddk_io.obj
 0001:00001a04       WRITE_REGISTER_BUFFER_ULONG 10002a04 f   ddk_io:ddk_io.obj
 0001:00001a20       READ_PORT_UCHAR            10002a20 f   ddk_io:ddk_io.obj
 0001:00001a28       READ_PORT_USHORT           10002a28 f   ddk_io:ddk_io.obj
 0001:00001a30       READ_PORT_ULONG            10002a30 f   ddk_io:ddk_io.obj
 0001:00001a38       READ_PORT_BUFFER_UCHAR     10002a38 f   ddk_io:ddk_io.obj
 0001:00001a54       READ_PORT_BUFFER_USHORT    10002a54 f   ddk_io:ddk_io.obj
 0001:00001a70       READ_PORT_BUFFER_ULONG     10002a70 f   ddk_io:ddk_io.obj
 0001:00001a8c       WRITE_PORT_UCHAR           10002a8c f   ddk_io:ddk_io.obj
 0001:00001a94       WRITE_PORT_USHORT          10002a94 f   ddk_io:ddk_io.obj
 0001:00001a9c       WRITE_PORT_ULONG           10002a9c f   ddk_io:ddk_io.obj
 0001:00001aa4       WRITE_PORT_BUFFER_UCHAR    10002aa4 f   ddk_io:ddk_io.obj
 0001:00001ac0       WRITE_PORT_BUFFER_USHORT   10002ac0 f   ddk_io:ddk_io.obj
 0001:00001adc       WRITE_PORT_BUFFER_ULONG    10002adc f   ddk_io:ddk_io.obj
 0001:00001af8       HalAllocateCommonBuffer    10002af8 f   ddk_dma:ddk_dma.obj
 0001:00001bbc       HalFreeCommonBuffer        10002bbc f   ddk_dma:ddk_dma.obj
 0001:00001bdc       GetDMAAdapterHandle        10002bdc f   ddk_dma:ddk_dma.obj
 0001:00001cf4       DMAGetAdapter              10002cf4 f   ddk_dma:ddk_dma.obj
 0001:00001d64       DMAAllocateChannel         10002d64 f   ddk_dma:ddk_dma.obj
 0001:00001e20       DMAFreeChannel             10002e20 f   ddk_dma:ddk_dma.obj
 0001:00001e98       DMAIssueTransfer           10002e98 f   ddk_dma:ddk_dma.obj
 0001:00001f74       DMAIssueMultiBufferTransfer 10002f74 f   ddk_dma:ddk_dma.obj
 0001:00002040       DMACancelTransfer          10003040 f   ddk_dma:ddk_dma.obj
 0001:000020b8       DMAStartTransfer           100030b8 f   ddk_dma:ddk_dma.obj
 0001:00002130       DMACloseTransfer           10003130 f   ddk_dma:ddk_dma.obj
 0001:000021a8       DMAGetStatus               100031a8 f   ddk_dma:ddk_dma.obj
 0001:00002250       DMAGetContexts             10003250 f   ddk_dma:ddk_dma.obj
 0001:000022f8       DMAIssueRawTransfer        100032f8 f   ddk_dma:ddk_dma.obj
 0001:000023a4       DMARawTransferControl      100033a4 f   ddk_dma:ddk_dma.obj
 0001:0000243c       OALDMAAllocBuffer          1000343c f   ddk_dma:ddk_dma.obj
 0001:00002528       OALDMAFreeBuffer           10003528 f   ddk_dma:ddk_dma.obj
 0001:000025ec       ?CreateBufferedBuffer@CUserDmaBuffer@@AAAHPAXKH@Z 100035ec f   ddk_dma:ddk_dma_buf.obj
 0001:00002664       ?FlushDMABuffer@CUserDmaBuffer@@QAAHXZ 10003664 f   ddk_dma:ddk_dma_buf.obj
 0001:00002744       ?DMAGetBufferPhysAddr@CUserDmaBuffer@@QAAKKQAU_CE_DMA_BUFFER_BLOCK@@@Z 10003744 f   ddk_dma:ddk_dma_buf.obj
 0001:0000285c       ?DMAGetBufferPhysAddr@CUserDmaBufferList@@QAAKKQAU_CE_DMA_BUFFER_BLOCK@@@Z 1000385c f   ddk_dma:ddk_dma_buf.obj
 0001:000028f8       ?FlushDMABuffer@CUserDmaBufferList@@QAAHXZ 100038f8 f   ddk_dma:ddk_dma_buf.obj
 0001:00002968       ?DMATransferOnBlocks@CUserDmaBufferList@@QAAHPAXPAPAXK0000T_LARGE_INTEGER@@@Z 10003968 f   ddk_dma:ddk_dma_buf.obj
 0001:00002a1c       ??1CUserDmaBuffer@@QAA@XZ  10003a1c f   ddk_dma:ddk_dma_buf.obj
 0001:00002ad0       ?Init@CUserDmaBuffer@@QAAHAAVCUserDmaBufferList@@PAXK@Z 10003ad0 f   ddk_dma:ddk_dma_buf.obj
 0001:00002e7c       DMAGetBufferPhysAddr       10003e7c f   ddk_dma:ddk_dma_buf.obj
 0001:00002eac       DMATransferOnBlocks        10003eac f   ddk_dma:ddk_dma_buf.obj
 0001:00002f1c       DMAFlushBlockBuffer        10003f1c f   ddk_dma:ddk_dma_buf.obj
 0001:00002f4c       ??_ECUserDmaBuffer@@QAAPAXI@Z 10003f4c f i ddk_dma:ddk_dma_buf.obj
 0001:00002fbc       ?Init@CUserDmaBufferList@@QAAHPAU_CE_DMA_ADAPTER@@KQBQAXQBK@Z 10003fbc f   ddk_dma:ddk_dma_buf.obj
 0001:00003128       DMACloseBuffer             10004128 f   ddk_dma:ddk_dma_buf.obj
 0001:00003168       DMAOpenBuffer              10004168 f   ddk_dma:ddk_dma_buf.obj
 0001:00003224       MmMapIoSpace               10004224 f   ddk_map:ddk_map.obj
 0001:000032ec       MmUnmapIoSpace             100042ec f   ddk_map:ddk_map.obj
 0001:00003318       TransBusAddrToVirtual      10004318 f   ddk_map:ddk_map.obj
 0001:0000339c       TransBusAddrToStatic       1000439c f   ddk_map:ddk_map.obj
 0001:00003464       StallOneMicrosecond        10004464 f   ddk_time:ddk_time.obj
 0001:0000349c       BeginCalibration           1000449c f   ddk_time:ddk_time.obj
 0001:000036c0       CalibrateStallCounter      100046c0 f   ddk_time:ddk_time.obj
 0001:0000399c       StallExecution             1000499c f   ddk_time:ddk_time.obj
 0001:00003a70       ?Initialize@CPowerLock@@QAA_NP6A?AW4_CEDEVICE_POWER_STATE@@KW42@@ZK_NK@Z 10004a70 f   ddk_power:ddk_power.obj
 0001:00003bd0       ?AcquirePowerLevel@CPowerLock@@QAA_NW4_CEDEVICE_POWER_STATE@@@Z 10004bd0 f   ddk_power:ddk_power.obj
 0001:00003c94       ?ReleasePowerLevel@CPowerLock@@QAAXW4_CEDEVICE_POWER_STATE@@@Z 10004c94 f   ddk_power:ddk_power.obj
 0001:00003d44       ?SetPowerLevel@CPowerLock@@QAA_NW4_CEDEVICE_POWER_STATE@@P6AXK0@Z@Z 10004d44 f   ddk_power:ddk_power.obj
 0001:00003e6c       DDKPwr_Initialize          10004e6c f   ddk_power:ddk_power.obj
 0001:00003ee4       DDKPwr_Deinitialize        10004ee4 f   ddk_power:ddk_power.obj
 0001:00003f30       DDKPwr_RequestLevel        10004f30 f   ddk_power:ddk_power.obj
 0001:00003f78       DDKPwr_ReleaseLevel        10004f78 f   ddk_power:ddk_power.obj
 0001:00003fbc       DDKPwr_GetDeviceLevel      10004fbc f   ddk_power:ddk_power.obj
 0001:00003fe8       DDKPwr_SetDeviceLevel      10004fe8 f   ddk_power:ddk_power.obj
 0001:0000402c       DisableThreadLibraryCalls  1000502c f   coredll:COREDLL.dll
 0001:0000403c       KernelIoControl            1000503c f   coredll:COREDLL.dll
 0001:0000404c       SetLastError               1000504c f   coredll:COREDLL.dll
 0001:0000405c       CreateStaticMapping        1000505c f   coredll:COREDLL.dll
 0001:0000406c       __GetUserKData             1000506c f   coredll:COREDLL.dll
 0001:0000407c       GetDirectCallerProcessId   1000507c f   coredll:COREDLL.dll
 0001:0000408c       CloseHandle                1000508c f   coredll:COREDLL.dll
 0001:0000409c       InterlockedExchange        1000509c f   coredll:COREDLL.dll
 0001:000040ac       RegisterAPISet             100050ac f   coredll:COREDLL.dll
 0001:000040bc       CreateAPISet               100050bc f   coredll:COREDLL.dll
 0001:000040cc       CreateAPIHandle            100050cc f   coredll:COREDLL.dll
 0001:000040dc       DeviceIoControl            100050dc f   coredll:COREDLL.dll
 0001:000040ec       REL_UDriverProcIoControl   100050ec f   coredll:COREDLL.dll
 0001:000040fc       DuplicateHandle            100050fc f   coredll:COREDLL.dll
 0001:0000410c       RegOpenKeyExW              1000510c f   coredll:COREDLL.dll
 0001:0000411c       RegCloseKey                1000511c f   coredll:COREDLL.dll
 0001:0000412c       RegQueryValueExW           1000512c f   coredll:COREDLL.dll
 0001:0000413c       CreateFileW                1000513c f   coredll:COREDLL.dll
 0001:0000414c       GetDeviceInformationByDeviceHandle 1000514c f   coredll:COREDLL.dll
 0001:0000415c       CeSafeCopyMemory           1000515c f   coredll:COREDLL.dll
 0001:0000416c       FreePhysMem                1000516c f   coredll:COREDLL.dll
 0001:0000417c       NKDbgPrintfW               1000517c f   coredll:COREDLL.dll
 0001:0000418c       GetLastError               1000518c f   coredll:COREDLL.dll
 0001:0000419c       AllocPhysMem               1000519c f   coredll:COREDLL.dll
 0001:000041ac       CacheRangeFlush            100051ac f   coredll:COREDLL.dll
 0001:000041bc       UnlockPages                100051bc f   coredll:COREDLL.dll
 0001:000041cc       LockPages                  100051cc f   coredll:COREDLL.dll
 0001:000041dc       VirtualFree                100051dc f   coredll:COREDLL.dll
 0001:000041ec       VirtualCopy                100051ec f   coredll:COREDLL.dll
 0001:000041fc       VirtualAlloc               100051fc f   coredll:COREDLL.dll
 0001:0000420c       CeSetThreadPriority        1000520c f   coredll:COREDLL.dll
 0001:0000421c       QueryPerformanceCounter    1000521c f   coredll:COREDLL.dll
 0001:0000422c       QueryPerformanceFrequency  1000522c f   coredll:COREDLL.dll
 0001:0000423c       CeGetThreadPriority        1000523c f   coredll:COREDLL.dll
 0001:0000424c       FreeLibrary                1000524c f   coredll:COREDLL.dll
 0001:0000425c       GetProcAddressW            1000525c f   coredll:COREDLL.dll
 0001:0000426c       LoadLibraryW               1000526c f   coredll:COREDLL.dll
 0001:0000427c       EventModify                1000527c f   coredll:COREDLL.dll
 0001:0000428c       DeleteCriticalSection      1000528c f   coredll:COREDLL.dll
 0001:0000429c       CreateEventW               1000529c f   coredll:COREDLL.dll
 0001:000042ac       InitializeCriticalSection  100052ac f   coredll:COREDLL.dll
 0001:000042bc       WaitForSingleObject        100052bc f   coredll:COREDLL.dll
 0001:000042cc       LeaveCriticalSection       100052cc f   coredll:COREDLL.dll
 0001:000042dc       EnterCriticalSection       100052dc f   coredll:COREDLL.dll
 0001:000042ec       DllMain                    100052ec f   corelib0:dllmain.obj
 0001:00004408       _DllMainCRTStartup         10005408 f   corelib0:pegdmain.obj
 0001:00004438       __GSHandlerCheckCommon     10005438 f   corelib0:gshandler.obj
 0001:00004474       __GSHandlerCheck           10005474 f   corelib0:gshandler.obj
 0001:00004498       __security_init_cookie     10005498 f   corelib0:seccinit.obj
 0001:000044f4       __security_check_cookie    100054f4 f   corelib0:armsecgs.obj
 0001:00004508       __gsfailure                10005508 f   corelib0:armsecgs.obj
 0001:00004614       _cexit                     10005614 f   corelib0:cexit.obj
 0001:00004630       _initterm                  10005630 f   corelib0:crt0dat.obj
 0001:00004664       _cinit                     10005664 f   corelib0:crt0dat.obj
 0001:00004698       memset                     10005698 f   corelib1:COREDLL.dll
 0001:000046a8       ??2@YAPAXI@Z               100056a8 f   corelib1:COREDLL.dll
 0001:000046b8       ??3@YAXPAX@Z               100056b8 f   corelib1:COREDLL.dll
 0001:000046c8       __C_specific_handler       100056c8 f   corelib1:COREDLL.dll
 0001:000046d8       wcscpy                     100056d8 f   corelib1:COREDLL.dll
 0001:000046e8       wcslen                     100056e8 f   corelib1:COREDLL.dll
 0001:000046f8       free                       100056f8 f   corelib1:COREDLL.dll
 0001:00004708       malloc                     10005708 f   corelib1:COREDLL.dll
 0001:00004718       memcpy                     10005718 f   corelib1:COREDLL.dll
 0001:00004728       _XcptFilter                10005728 f   corelib1:COREDLL.dll
 0001:00004738       __security_gen_cookie2     10005738 f   corelib1:COREDLL.dll
 0001:00004748       __report_gsfailure         10005748 f   corelib1:COREDLL.dll
 0001:00004758       TerminateProcess           10005758 f   coredll:COREDLL.dll
 0001:000047b0       __IMPORT_DESCRIPTOR_COREDLL 100057b0     coredll:COREDLL.dll
 0001:000047c4       __NULL_IMPORT_DESCRIPTOR   100057c4     coredll:COREDLL.dll
 0002:00000000       __imp_DisableThreadLibraryCalls 10007000     coredll:COREDLL.dll
 0002:00000004       __imp_KernelIoControl      10007004     coredll:COREDLL.dll
 0002:00000008       __imp_SetLastError         10007008     coredll:COREDLL.dll
 0002:0000000c       __imp_CreateStaticMapping  1000700c     coredll:COREDLL.dll
 0002:00000010       __imp___GetUserKData       10007010     coredll:COREDLL.dll
 0002:00000014       __imp_GetDirectCallerProcessId 10007014     coredll:COREDLL.dll
 0002:00000018       __imp_CloseHandle          10007018     coredll:COREDLL.dll
 0002:0000001c       __imp_InterlockedExchange  1000701c     coredll:COREDLL.dll
 0002:00000020       __imp_RegisterAPISet       10007020     coredll:COREDLL.dll
 0002:00000024       __imp_CreateAPISet         10007024     coredll:COREDLL.dll
 0002:00000028       __imp_CreateAPIHandle      10007028     coredll:COREDLL.dll
 0002:0000002c       __imp_DeviceIoControl      1000702c     coredll:COREDLL.dll
 0002:00000030       __imp_REL_UDriverProcIoControl 10007030     coredll:COREDLL.dll
 0002:00000034       __imp_DuplicateHandle      10007034     coredll:COREDLL.dll
 0002:00000038       __imp_RegOpenKeyExW        10007038     coredll:COREDLL.dll
 0002:0000003c       __imp_RegCloseKey          1000703c     coredll:COREDLL.dll
 0002:00000040       __imp_RegQueryValueExW     10007040     coredll:COREDLL.dll
 0002:00000044       __imp_CreateFileW          10007044     coredll:COREDLL.dll
 0002:00000048       __imp_GetDeviceInformationByDeviceHandle 10007048     coredll:COREDLL.dll
 0002:0000004c       __imp_CeSafeCopyMemory     1000704c     coredll:COREDLL.dll
 0002:00000050       __imp_FreePhysMem          10007050     coredll:COREDLL.dll
 0002:00000054       __imp_NKDbgPrintfW         10007054     coredll:COREDLL.dll
 0002:00000058       __imp_GetLastError         10007058     coredll:COREDLL.dll
 0002:0000005c       __imp_AllocPhysMem         1000705c     coredll:COREDLL.dll
 0002:00000060       __imp_CacheRangeFlush      10007060     coredll:COREDLL.dll
 0002:00000064       __imp_UnlockPages          10007064     coredll:COREDLL.dll
 0002:00000068       __imp_LockPages            10007068     coredll:COREDLL.dll
 0002:0000006c       __imp_VirtualFree          1000706c     coredll:COREDLL.dll
 0002:00000070       __imp_VirtualCopy          10007070     coredll:COREDLL.dll
 0002:00000074       __imp_VirtualAlloc         10007074     coredll:COREDLL.dll
 0002:00000078       __imp_CeSetThreadPriority  10007078     coredll:COREDLL.dll
 0002:0000007c       __imp_QueryPerformanceCounter 1000707c     coredll:COREDLL.dll
 0002:00000080       __imp_QueryPerformanceFrequency 10007080     coredll:COREDLL.dll
 0002:00000084       __imp_CeGetThreadPriority  10007084     coredll:COREDLL.dll
 0002:00000088       __imp_FreeLibrary          10007088     coredll:COREDLL.dll
 0002:0000008c       __imp_GetProcAddressW      1000708c     coredll:COREDLL.dll
 0002:00000090       __imp_LoadLibraryW         10007090     coredll:COREDLL.dll
 0002:00000094       __imp_EventModify          10007094     coredll:COREDLL.dll
 0002:00000098       __imp_DeleteCriticalSection 10007098     coredll:COREDLL.dll
 0002:0000009c       __imp_CreateEventW         1000709c     coredll:COREDLL.dll
 0002:000000a0       __imp_InitializeCriticalSection 100070a0     coredll:COREDLL.dll
 0002:000000a4       __imp_WaitForSingleObject  100070a4     coredll:COREDLL.dll
 0002:000000a8       __imp_LeaveCriticalSection 100070a8     coredll:COREDLL.dll
 0002:000000ac       __imp_EnterCriticalSection 100070ac     coredll:COREDLL.dll
 0002:000000b0       __imp_memset               100070b0     corelib1:COREDLL.dll
 0002:000000b4       __imp_??2@YAPAXI@Z         100070b4     corelib1:COREDLL.dll
 0002:000000b8       __imp_??3@YAXPAX@Z         100070b8     corelib1:COREDLL.dll
 0002:000000bc       __imp___C_specific_handler 100070bc     corelib1:COREDLL.dll
 0002:000000c0       __imp_wcscpy               100070c0     corelib1:COREDLL.dll
 0002:000000c4       __imp_wcslen               100070c4     corelib1:COREDLL.dll
 0002:000000c8       __imp_free                 100070c8     corelib1:COREDLL.dll
 0002:000000cc       __imp_malloc               100070cc     corelib1:COREDLL.dll
 0002:000000d0       __imp_memcpy               100070d0     corelib1:COREDLL.dll
 0002:000000d4       __imp___rt_sdiv64by64      100070d4     corelib1:COREDLL.dll
 0002:000000d8       __imp__XcptFilter          100070d8     corelib1:COREDLL.dll
 0002:000000dc       __imp___security_gen_cookie2 100070dc     corelib1:COREDLL.dll
 0002:000000e0       __imp___report_gsfailure   100070e0     corelib1:COREDLL.dll
 0002:000000e4       __imp_TerminateProcess     100070e4     coredll:COREDLL.dll
 0002:000000e8       \177COREDLL_NULL_THUNK_DATA 100070e8     coredll:COREDLL.dll
 0002:000000ec       g_hDma                     100070ec     ddk_dma:ddk_dma.obj
 0002:000000f0       __security_cookie          100070f0     corelib0:seccinit.obj
 0002:000000f4       __security_cookie_complement 100070f4     corelib0:seccinit.obj
 0002:000000f8       ?ghAPIHandle@@3PAXA        100070f8     ddk_bus:notify.obj
 0002:0000010c       _exitflag                  1000710c     corelib0:cexit.obj
 0002:00000110       g_NumCalibAcceptHits       10007110     <common>
 0002:00000114       g_fStallCounterSet         10007114     <common>
 0002:00000118       g_StallCounter             10007118     <common>
 0002:0000011c       g_InitStallCounter         1000711c     <common>
 0002:00000120       g_MaxCalibAttempts         10007120     <common>
 0002:00000124       g_StallDummy               10007124     <common>
 0002:00000128       __onexitend                10007128     <common>
 0002:0000012c       __onexitbegin              1000712c     <common>
 0002:00000130       _pRawDllMain               10007130     <common>

 entry point at        0001:00004408

 Static symbols

 0001:00000bf8       ?DevCloseFileHandle@@YAHP6AHKPAXK0KPAKPAU_OVERLAPPED@@@Z@Z 10001bf8 f   ddk_bus:notify.obj
 0001:00000c08       ?DevDeviceIoControl@@YAHP6AHKPAXK0KPAKPAU_OVERLAPPED@@@ZK0K0K12@Z 10001c08 f   ddk_bus:notify.obj
 0001:0000430c       _DllMainCRTStartupHelper   1000530c f   corelib0:pegdmain.obj
 0001:0000454c       doexit                     1000554c f   corelib0:cexit.obj
