 dm9000

 Timestamp is 4f87b39c (Fri Apr 13 13:03:24 2012)

 Preferred load address is 10000000

 Start         Length     Name                   Class
 0001:00000000 0000062eH .rdata                  CODE
 0001:00000630 00000023H .rdata$debug            CODE
 0001:00000654 00003a9cH .text                   CODE
 0001:000040f0 0000000cH .xdata                  CODE
 0001:000040fc 0000003cH .idata$2                CODE
 0001:00004138 00000014H .idata$3                CODE
 0001:0000414c 000000ccH .idata$4                CODE
 0001:00004218 000001caH .idata$6                CODE
 0001:000043f0 00000049H .edata                  CODE
 0002:00000000 000000ccH .idata$5                DATA
 0002:000000d0 00000190H .data                   DATA
 0002:00000260 00000008H .bss                    DATA
 0003:00000000 000002f8H .pdata                  DATA

  Address         Publics by Value              Rva+Base       Lib:Object

 0000:00000000       ___safe_se_handler_table   00000000     <absolute>
 0000:00000000       ___safe_se_handler_count   00000000     <absolute>
 0001:0000001c       ??_C@_0BL@BLOGHFBJ@Davicom?5Semiconductor?0?5Inc?$AA@ 1000101c     driver.obj
 0001:00000038       ??_7NIC_DRIVER_OBJECT@@6B@ 10001038     driver.obj
 0001:00000078       ??_C@_0N@HAOMBGEI@Device?5error?$AA@ 10001078     driver.obj
 0001:00000088       ??_C@_0BE@PMJFEMCP@Insufficient?5memory?$AA@ 10001088     driver.obj
 0001:0000009c       ??_C@_0CI@KEMPKEBL@?$CK?$CK?$CK?5Error?5in?5retriving?5configura@ 1000109c     driver.obj
 0001:000000c4       ??_C@_0BP@PANLKOMJ@Error?5in?5opening?5configuration?$AA@ 100010c4     driver.obj
 0001:000000e4       ??_C@_0BC@KNMBDOID@Unsupported?5media?$AA@ 100010e4     driver.obj
 0001:000000f8       ??_C@_0BJ@GJCOIDMC@Error?5in?5creating?5device?$AA@ 100010f8     driver.obj
 0001:00000114       ??_C@_1CI@BHNHNGMP@?$AAS?$AAo?$AAf?$AAt?$AAw?$AAa?$AAr?$AAe?$AAM?$AAa?$AAc?$AAA?$AAd?$AAd?$AAr?$AAe?$AAs?$AAs?$AA5?$AA?$AA@ 10001114     device.obj
 0001:0000013c       ??_C@_1CI@KPGLLBKK@?$AAS?$AAo?$AAf?$AAt?$AAw?$AAa?$AAr?$AAe?$AAM?$AAa?$AAc?$AAA?$AAd?$AAd?$AAr?$AAe?$AAs?$AAs?$AA4?$AA?$AA@ 1000113c     device.obj
 0001:00000164       ??_C@_1CI@DCLMIJBD@?$AAS?$AAo?$AAf?$AAt?$AAw?$AAa?$AAr?$AAe?$AAM?$AAa?$AAc?$AAA?$AAd?$AAd?$AAr?$AAe?$AAs?$AAs?$AA3?$AA?$AA@ 10001164     device.obj
 0001:0000018c       ??_C@_1CI@IKAAOOHG@?$AAS?$AAo?$AAf?$AAt?$AAw?$AAa?$AAr?$AAe?$AAM?$AAa?$AAc?$AAA?$AAd?$AAd?$AAr?$AAe?$AAs?$AAs?$AA2?$AA?$AA@ 1000118c     device.obj
 0001:000001b4       ??_C@_1CI@JILFEBJI@?$AAS?$AAo?$AAf?$AAt?$AAw?$AAa?$AAr?$AAe?$AAM?$AAa?$AAc?$AAA?$AAd?$AAd?$AAr?$AAe?$AAs?$AAs?$AA1?$AA?$AA@ 100011b4     device.obj
 0001:000001dc       ??_C@_1CI@CAAJCGPN@?$AAS?$AAo?$AAf?$AAt?$AAw?$AAa?$AAr?$AAe?$AAM?$AAa?$AAc?$AAA?$AAd?$AAd?$AAr?$AAe?$AAs?$AAs?$AA0?$AA?$AA@ 100011dc     device.obj
 0001:00000204       ??_C@_1BO@PMKGLMMF@?$AAU?$AAs?$AAe?$AAS?$AAo?$AAf?$AAt?$AAw?$AAa?$AAr?$AAe?$AAM?$AAa?$AAc?$AA?$AA@ 10001204     device.obj
 0001:00000228       ??_C@_1FI@INLLGGOK@?$AAB?$AAW?$AAS?$AAC?$AAO?$AAN?$AA?$DN?$AA0?$AAx?$AA?$CF?$AAx?$AA?0?$AA?5?$AAB?$AAA?$AAN?$AAK?$AAC?$AAO?$AAN?$AA3?$AA?$DN?$AA0?$AAx?$AA?$CF?$AAx?$AA?0?$AA?5?$AAB?$AAA?$AAN?$AAK@ 10001228     device.obj
 0001:00000280       ??_C@_1BM@MLKIGHOH@?$AAB?$AAW?$AAS?$AAC?$AAO?$AAN?$AA?$DN?$AA0?$AAx?$AA?$CF?$AAx?$AA?$AN?$AA?6?$AA?$AA@ 10001280     device.obj
 0001:0000029c       ??_C@_0BG@EKKLKDPI@Fails?5to?5map?5io?5space?$AA@ 1000129c     device.obj
 0001:000002b4       ??_C@_0BP@IMCKHPLH@Error?5in?5registering?5interrupt?$AA@ 100012b4     device.obj
 0001:000002d4       ??_C@_1BE@JJMPHOLO@?$AAI?$AAr?$AAq?$AAN?$AAu?$AAm?$AAb?$AAe?$AAr?$AA?$AA@ 100012d4     dm9000.obj
 0001:000002e8       ??_C@_1BA@IAFFGNG@?$AAI?$AAo?$AAR?$AAa?$AAn?$AAg?$AAe?$AA?$AA@ 100012e8     dm9000.obj
 0001:000002f8       ??_C@_1BE@IMGCPOOB@?$AAI?$AAo?$AAA?$AAd?$AAd?$AAr?$AAe?$AAs?$AAs?$AA?$AA@ 100012f8     dm9000.obj
 0001:0000030c       ??_C@_1BM@DBMOMGL@?$AAA?$AAd?$AAa?$AAp?$AAt?$AAe?$AAr?$AAN?$AAu?$AAm?$AAb?$AAe?$AAr?$AA?$AA@ 1000130c     dm9000.obj
 0001:00000328       ??_C@_1BG@NAEHOPJJ@?$AAR?$AAe?$AAc?$AAv?$AAB?$AAu?$AAf?$AAf?$AAe?$AAr?$AA?$AA@ 10001328     dm9000.obj
 0001:00000340       ??_C@_1BG@EPKKDGEH@?$AAX?$AAm?$AAi?$AAt?$AAB?$AAu?$AAf?$AAf?$AAe?$AAr?$AA?$AA@ 10001340     dm9000.obj
 0001:00000358       ??_C@_1CM@CAEMLAMD@?$AAB?$AAu?$AAf?$AAf?$AAe?$AAr?$AAP?$AAh?$AAy?$AAs?$AAi?$AAc?$AAa?$AAl?$AAA?$AAd?$AAd?$AAr?$AAe?$AAs?$AAs?$AA?$AA@ 10001358     dm9000.obj
 0001:00000384       ??_C@_1BG@PCNFFOOE@?$AAS?$AAl?$AAo?$AAt?$AAN?$AAu?$AAm?$AAb?$AAe?$AAr?$AA?$AA@ 10001384     dm9000.obj
 0001:0000039c       ??_C@_1BO@NKCALJEK@?$AAC?$AAo?$AAn?$AAn?$AAe?$AAc?$AAt?$AAi?$AAo?$AAn?$AAT?$AAy?$AAp?$AAe?$AA?$AA@ 1000139c     dm9000.obj
 0001:000003c0       ??_7NIC_DEVICE_OBJECT@@6B@ 100013c0     dm9000.obj
 0001:00000470       ??_7C_DM9000@@6B@          10001470     dm9000.obj
 0001:00000538       ??_C@_03HPADHAHE@N?1A?$AA@ 10001538     dm9000.obj
 0001:0000053c       ??_C@_0BN@MADOGDHD@DM9000?3?5Insufficient?5Memory?6?$AA@ 1000153c     dm9000.obj
 0001:0000055c       ??_C@_0P@FCENDPO@Unknown?5device?$AA@ 1000155c     dm9000.obj
 0001:0000056c       ??_C@_1CO@DEHHJJJD@?$AA?$FL?$AAd?$AAm?$AA9?$AA?$FN?$AA?3?$AA?5?$AA?$CL?$AA?$CL?$AAs?$AAe?$AAt?$AA?5?$AAb?$AAu?$AAs?$AA?5?$AAw?$AAi?$AAd?$AAt?$AAh?$AA?$AA@ 1000156c     dm9000.obj
 0001:0000059c       ??_C@_1CO@PEHKMEJM@?$AA?$FL?$AAd?$AAm?$AA9?$AA?$FN?$AA?3?$AA?5?$AA?9?$AA?9?$AAs?$AAe?$AAt?$AA?5?$AAb?$AAu?$AAs?$AA?5?$AAw?$AAi?$AAd?$AAt?$AAh?$AA?$AA@ 1000159c     dm9000.obj
 0001:000005cc       ??_C@_1CC@FIHCOBHL@?$AAs?$AA2?$AA4?$AA4?$AA0?$AAB?$AAW?$AAS?$AAC?$AAO?$AAN?$AA?3?$AA?$CF?$AAx?$AA?$AN?$AA?6?$AA?$AA@ 100015cc     dm9000.obj
 0001:000005f0       ??_C@_1DO@IEAPMGNM@?$AA?$FL?$AAd?$AAm?$AA9?$AA?3?$AA?5?$AAC?$AAh?$AAi?$AAp?$AA?5?$AAs?$AAi?$AAg?$AAn?$AAa?$AAt?$AAu?$AAr?$AAe?$AA?5?$AAi?$AAs?$AA?5?$AA?$CF?$AA0?$AA8?$AAX?$AA?$AN?$AA?6?$AA?$AA@ 100015f0     dm9000.obj
 0001:00000654       DllEntry                   10001654 f   wince.obj
 0001:00000668       ?Dequeue@CQueue@@QAAPAU_CQUEUE_GEN_HEADER@@XZ 10001668 f i driver.obj
 0001:000006ac       ?DriverStart@NIC_DRIVER_OBJECT@@UAAXXZ 100016ac f   driver.obj
 0001:000006c8       ?DriverIndication@NIC_DRIVER_OBJECT@@UAAXK@Z 100016c8 f   driver.obj
 0001:00000728       ?DriverIsr@NIC_DRIVER_OBJECT@@UAAXPAE0@Z 10001728 f   driver.obj
 0001:000007b4       ?DriverInterruptHandler@NIC_DRIVER_OBJECT@@UAAXXZ 100017b4 f   driver.obj
 0001:000007f4       ?DriverQueryInformation@NIC_DRIVER_OBJECT@@UAAHKPAXKPAK1@Z 100017f4 f   driver.obj
 0001:00000f4c       ?DriverSetInformation@NIC_DRIVER_OBJECT@@UAAHKPAXKPAK1@Z 10001f4c f   driver.obj
 0001:00001074       ?DriverEnableInterrupt@NIC_DRIVER_OBJECT@@UAAXXZ 10002074 f   driver.obj
 0001:00001090       ?DriverDisableInterrupt@NIC_DRIVER_OBJECT@@UAAXXZ 10002090 f   driver.obj
 0001:000010ac       ?DriverCheckForHang@NIC_DRIVER_OBJECT@@UAAHXZ 100020ac f   driver.obj
 0001:000010d4       ?DriverHalt@NIC_DRIVER_OBJECT@@UAAXXZ 100020d4 f   driver.obj
 0001:000010f0       ?DriverReset@NIC_DRIVER_OBJECT@@UAAHPAE@Z 100020f0 f   driver.obj
 0001:0000113c       ?DriverSend@NIC_DRIVER_OBJECT@@UAAHPAU_NDIS_PACKET@@I@Z 1000213c f   driver.obj
 0001:00001268       ?DriverReceiveIndication@NIC_DRIVER_OBJECT@@UAAXHPAXH@Z 10002268 f   driver.obj
 0001:000012c4       ?DriverSendCompleted@NIC_DRIVER_OBJECT@@UAAXPAU_CQUEUE_GEN_HEADER@@@Z 100022c4 f   driver.obj
 0001:00001304       MiniportISRHandler         10002304 f   driver.obj
 0001:00001344       MiniportInterruptHandler   10002344 f   driver.obj
 0001:00001374       MiniportQueryInformation   10002374 f   driver.obj
 0001:000013bc       MiniportSetInformation     100023bc f   driver.obj
 0001:00001404       MiniportCheckForHang       10002404 f   driver.obj
 0001:00001438       MiniportHalt               10002438 f   driver.obj
 0001:00001468       MiniportReset              10002468 f   driver.obj
 0001:000014a4       MiniportSend               100024a4 f   driver.obj
 0001:000014d4       ??0NIC_DRIVER_OBJECT@@QAA@PAX0@Z 100024d4 f i driver.obj
 0001:00001534       ?DriverIsOutOfResource@NIC_DRIVER_OBJECT@@UAAHXZ 10002534 f i driver.obj
 0001:0000153c       ?EDriverInitialize@NIC_DRIVER_OBJECT@@UAAXPAHPAIPAW4_NDIS_MEDIUM@@I@Z 1000253c f   driver.obj
 0001:00001a98       MiniportInitialize         10002a98 f   driver.obj
 0001:00001be8       DriverEntry                10002be8 f   driver.obj
 0001:00001d00       ?DeviceCalculateCRC32@NIC_DEVICE_OBJECT@@QAAKPAEHH@Z 10002d00 f   device.obj
 0001:00001d98       ?DeviceMacAddress@NIC_DEVICE_OBJECT@@UAAPAEPAE@Z 10002d98 f   device.obj
 0001:00001df0       ?DeviceVendorID@NIC_DEVICE_OBJECT@@UAAGXZ 10002df0 f   device.obj
 0001:00001e04       ?DeviceProductID@NIC_DEVICE_OBJECT@@UAAGXZ 10002e04 f   device.obj
 0001:00001e18       ?DeviceRegisterAdapter@NIC_DEVICE_OBJECT@@UAAXXZ 10002e18 f   device.obj
 0001:00001fa4       ?DeviceReportStatistics@NIC_DEVICE_OBJECT@@QAAXKK@Z 10002fa4 f   device.obj
 0001:00001fbc       ?DeviceRetriveConfigurations@NIC_DEVICE_OBJECT@@UAAXPAX@Z 10002fbc f   device.obj
 0001:000020c0       ?DeviceSetDefaultSettings@NIC_DEVICE_OBJECT@@UAAXXZ 100030c0 f   device.obj
 0001:0000216c       ?EDeviceLoadEeprom@NIC_DEVICE_OBJECT@@UAAXXZ 1000316c f   device.obj
 0001:000021ac       ?DevicePolling@NIC_DEVICE_OBJECT@@QAAHKKKKK@Z 100031ac f   device.obj
 0001:00002208       ?DeviceCheckForHang@NIC_DEVICE_OBJECT@@UAAHXZ 10003208 f   device.obj
 0001:000022b8       DeviceTimerTrunkRoutine    100032b8 f   device.obj
 0001:000022f0       ?DeviceInitializeTimer@NIC_DEVICE_OBJECT@@UAAXXZ 100032f0 f   device.obj
 0001:0000230c       ?DeviceCancelTimer@NIC_DEVICE_OBJECT@@UAAXXZ 1000330c f   device.obj
 0001:00002328       ?DeviceSetTimer@NIC_DEVICE_OBJECT@@UAAXK@Z 10003328 f   device.obj
 0001:00002330       ?DeviceOnTimer@NIC_DEVICE_OBJECT@@UAAXXZ 10003330 f   device.obj
 0001:00002334       ?EDeviceRegisterIoSpace@NIC_DEVICE_OBJECT@@UAAXXZ 10003334 f   device.obj
 0001:000023d4       ?EDeviceRegisterInterrupt@NIC_DEVICE_OBJECT@@UAAXXZ 100033d4 f   device.obj
 0001:0000248c       ??0NIC_DEVICE_OBJECT@@QAA@PAVNIC_DRIVER_OBJECT@@PAX@Z 1000348c f i dm9000.obj
 0001:000025b8       ?DeviceQueryInformation@NIC_DEVICE_OBJECT@@UAAHPAHKPAXKPAK2@Z 100035b8 f i dm9000.obj
 0001:000025c0       ?DeviceSetInformation@NIC_DEVICE_OBJECT@@UAAHPAHKPAXKPAK2@Z 100035c0 f i dm9000.obj
 0001:000025c8       ?DeviceHardwareStatus@NIC_DEVICE_OBJECT@@UAAKXZ 100035c8 f i dm9000.obj
 0001:000025d0       ?DeviceEnableTransmit@NIC_DEVICE_OBJECT@@UAAXXZ 100035d0 f i dm9000.obj
 0001:000025d4       ?DeviceDisableTransmit@NIC_DEVICE_OBJECT@@UAAXXZ 100035d4 f i dm9000.obj
 0001:000025d8       ??0C_DM9000@@QAA@PAVNIC_DRIVER_OBJECT@@PAX@Z 100035d8 f i dm9000.obj
 0001:00002690       ?DevicePCIID@C_DM9000@@UAAKXZ 10003690 f i dm9000.obj
 0001:00002698       ?DeviceEnableTransmit@C_DM9000@@UAAXXZ 10003698 f i dm9000.obj
 0001:000026a4       ?DeviceDisableTransmit@C_DM9000@@UAAXXZ 100036a4 f i dm9000.obj
 0001:000026b0       ?DeviceHalt@C_DM9000@@UAAXXZ 100036b0 f i dm9000.obj
 0001:000026b4       ?DeviceConfigureParameters@C_DM9000@@UAAPAU_CONFIG_PARAMETER@@XZ 100036b4 f   dm9000.obj
 0001:000026c0       ?DeviceSetEepromFormat@C_DM9000@@UAAXXZ 100036c0 f   dm9000.obj
 0001:000026dc       ?DeviceWritePort@C_DM9000@@UAAKKK@Z 100036dc f   dm9000.obj
 0001:00002730       ?DeviceReadPort@C_DM9000@@UAAKK@Z 10003730 f   dm9000.obj
 0001:00002780       ?DeviceReadEeprom@C_DM9000@@UAAGK@Z 10003780 f   dm9000.obj
 0001:0000285c       ?DeviceWriteEeprom@C_DM9000@@UAAGKG@Z 1000385c f   dm9000.obj
 0001:00002924       ?DeviceReadPhy@C_DM9000@@UAAGKK@Z 10003924 f   dm9000.obj
 0001:000029f0       ?DeviceWritePhy@C_DM9000@@UAAGKKG@Z 100039f0 f   dm9000.obj
 0001:00002abc       ?DeviceReadData@C_DM9000@@UAAKXZ 10003abc f   dm9000.obj
 0001:00002ae8       ?DeviceReadDataWithoutIncrement@C_DM9000@@UAAKXZ 10003ae8 f   dm9000.obj
 0001:00002bc8       ?DeviceReadString@C_DM9000@@UAAPAEPAEH@Z 10003bc8 f   dm9000.obj
 0001:00002c80       ?DeviceWriteString@C_DM9000@@UAAPAEPAEH@Z 10003c80 f   dm9000.obj
 0001:00002ddc       ?DeviceEnableInterrupt@C_DM9000@@UAAXXZ 10003ddc f   dm9000.obj
 0001:00002dfc       ?DeviceDisableInterrupt@C_DM9000@@UAAXXZ 10003dfc f   dm9000.obj
 0001:00002e1c       ?DeviceEnableReceive@C_DM9000@@UAAXXZ 10003e1c f   dm9000.obj
 0001:00002e50       ?DeviceDisableReceive@C_DM9000@@UAAXXZ 10003e50 f   dm9000.obj
 0001:00002e84       ?DeviceGetInterruptStatus@C_DM9000@@UAAKXZ 10003e84 f   dm9000.obj
 0001:00002ea4       ?DeviceSetInterruptStatus@C_DM9000@@UAAKK@Z 10003ea4 f   dm9000.obj
 0001:00002ec4       ?DeviceGetReceiveStatus@C_DM9000@@UAAKXZ 10003ec4 f   dm9000.obj
 0001:00002eec       ?DeviceStart@C_DM9000@@UAAXXZ 10003eec f   dm9000.obj
 0001:00002f24       ?DeviceResetPHYceiver@C_DM9000@@UAAXXZ 10003f24 f   dm9000.obj
 0001:00002f30       ?DeviceOnSetupFilter@C_DM9000@@UAAHK@Z 10003f30 f   dm9000.obj
 0001:00003134       ?DeviceInterruptEventHandler@C_DM9000@@UAAXK@Z 10004134 f   dm9000.obj
 0001:000031dc       ?DeviceSend@C_DM9000@@UAAHPAU_CQUEUE_GEN_HEADER@@@Z 100041dc f   dm9000.obj
 0001:00003318       ?Dm9LookupRxBuffers@C_DM9000@@UAAHXZ 10004318 f   dm9000.obj
 0001:00003480       ?Dm9TxCapacity@C_DM9000@@QAAGXZ 10004480 f   dm9000.obj
 0001:00003528       ?Dm9ValidateTxBuffers@C_DM9000@@UAAHXZ 10004528 f   dm9000.obj
 0001:00003530       DeviceEntry                10004530 f   dm9000.obj
 0001:00003560       ??0CFifo@@QAA@H@Z          10004560 f i dm9000.obj
 0001:000035fc       ?EDeviceRegisterIoSpace@C_DM9000@@UAAXXZ 100045fc f   dm9000.obj
 0001:000037d0       ?EDeviceValidateConfigurations@C_DM9000@@UAAXXZ 100047d0 f   dm9000.obj
 0001:000038b0       ?DeviceReset@C_DM9000@@UAAXXZ 100048b0 f   dm9000.obj
 0001:00003a68       ?EDeviceInitialize@C_DM9000@@UAAXH@Z 10004a68 f   dm9000.obj
 0001:00003d14       ?DeviceHardwareStatus@C_DM9000@@UAAKXZ 10004d14 f   dm9000.obj
 0001:00003d38       DisableThreadLibraryCalls  10004d38 f   coredll:COREDLL.dll
 0001:00003d48       VirtualCopy                10004d48 f   coredll:COREDLL.dll
 0001:00003d58       VirtualAlloc               10004d58 f   coredll:COREDLL.dll
 0001:00003d68       TryEnterCriticalSection    10004d68 f   coredll:COREDLL.dll
 0001:00003d78       LeaveCriticalSection       10004d78 f   coredll:COREDLL.dll
 0001:00003d88       VirtualFree                10004d88 f   coredll:COREDLL.dll
 0001:00003d98       NKDbgPrintfW               10004d98 f   coredll:COREDLL.dll
 0001:00003da8       InitializeCriticalSection  10004da8 f   coredll:COREDLL.dll
 0001:00003db8       EnterCriticalSection       10004db8 f   coredll:COREDLL.dll
 0001:00003dc8       MmMapIoSpace               10004dc8 f   ceddk:CEDDK.dll
 0001:00003dd8       WRITE_PORT_UCHAR           10004dd8 f   ceddk:CEDDK.dll
 0001:00003de8       READ_PORT_UCHAR            10004de8 f   ceddk:CEDDK.dll
 0001:00003df8       READ_PORT_USHORT           10004df8 f   ceddk:CEDDK.dll
 0001:00003e08       READ_PORT_ULONG            10004e08 f   ceddk:CEDDK.dll
 0001:00003e18       READ_PORT_BUFFER_UCHAR     10004e18 f   ceddk:CEDDK.dll
 0001:00003e28       READ_PORT_BUFFER_USHORT    10004e28 f   ceddk:CEDDK.dll
 0001:00003e38       READ_PORT_BUFFER_ULONG     10004e38 f   ceddk:CEDDK.dll
 0001:00003e48       WRITE_PORT_USHORT          10004e48 f   ceddk:CEDDK.dll
 0001:00003e58       WRITE_PORT_ULONG           10004e58 f   ceddk:CEDDK.dll
 0001:00003e68       NdisFreeMemory             10004e68 f   ndis:NDIS.dll
 0001:00003e78       NdisInitializeString       10004e78 f   ndis:NDIS.dll
 0001:00003e88       NdisAllocateSpinLock       10004e88 f   ndis:NDIS.dll
 0001:00003e98       NdisFreeSpinLock           10004e98 f   ndis:NDIS.dll
 0001:00003ea8       NdisAcquireSpinLock        10004ea8 f   ndis:NDIS.dll
 0001:00003eb8       NdisReleaseSpinLock        10004eb8 f   ndis:NDIS.dll
 0001:00003ec8       NdisQueryPacket            10004ec8 f   ndis:NDIS.dll
 0001:00003ed8       NdisCloseConfiguration     10004ed8 f   ndis:NDIS.dll
 0001:00003ee8       NdisOpenConfiguration      10004ee8 f   ndis:NDIS.dll
 0001:00003ef8       NdisTerminateWrapper       10004ef8 f   ndis:NDIS.dll
 0001:00003f08       NdisMRegisterMiniport      10004f08 f   ndis:NDIS.dll
 0001:00003f18       NdisInitializeWrapper      10004f18 f   ndis:NDIS.dll
 0001:00003f28       NdisMSetAttributesEx       10004f28 f   ndis:NDIS.dll
 0001:00003f38       NdisReadConfiguration      10004f38 f   ndis:NDIS.dll
 0001:00003f48       NdisStallExecution         10004f48 f   ndis:NDIS.dll
 0001:00003f58       NdisMInitializeTimer       10004f58 f   ndis:NDIS.dll
 0001:00003f68       NdisMCancelTimer           10004f68 f   ndis:NDIS.dll
 0001:00003f78       NdisSetTimer               10004f78 f   ndis:NDIS.dll
 0001:00003f88       NdisMRegisterInterrupt     10004f88 f   ndis:NDIS.dll
 0001:00003f98       __GSHandlerCheckCommon     10004f98 f   corelib0:gshandler.obj
 0001:00003fd4       __GSHandlerCheck           10004fd4 f   corelib0:gshandler.obj
 0001:00003ff8       __security_check_cookie    10004ff8 f   corelib0:armsecgs.obj
 0001:0000400c       __gsfailure                1000500c f   corelib0:armsecgs.obj
 0001:00004050       memset                     10005050 f   corelib1:COREDLL.dll
 0001:00004060       ??3@YAXPAX@Z               10005060 f   corelib1:COREDLL.dll
 0001:00004070       memcpy                     10005070 f   corelib1:COREDLL.dll
 0001:00004080       malloc                     10005080 f   corelib1:COREDLL.dll
 0001:00004090       longjmp                    10005090 f   corelib1:COREDLL.dll
 0001:000040a0       ??2@YAPAXI@Z               100050a0 f   corelib1:COREDLL.dll
 0001:000040b0       setjmp                     100050b0 f   corelib1:COREDLL.dll
 0001:000040c0       _purecall                  100050c0 f   corelib1:COREDLL.dll
 0001:000040d0       __rt_sdiv                  100050d0 f   corelib1:COREDLL.dll
 0001:000040e0       __report_gsfailure         100050e0 f   corelib1:COREDLL.dll
 0001:000040fc       __IMPORT_DESCRIPTOR_COREDLL 100050fc     coredll:COREDLL.dll
 0001:00004110       __IMPORT_DESCRIPTOR_CEDDK  10005110     ceddk:CEDDK.dll
 0001:00004124       __IMPORT_DESCRIPTOR_NDIS   10005124     ndis:NDIS.dll
 0001:00004138       __NULL_IMPORT_DESCRIPTOR   10005138     coredll:COREDLL.dll
 0002:00000000       __imp_WRITE_PORT_USHORT    10006000     ceddk:CEDDK.dll
 0002:00000004       __imp_READ_PORT_BUFFER_ULONG 10006004     ceddk:CEDDK.dll
 0002:00000008       __imp_READ_PORT_BUFFER_USHORT 10006008     ceddk:CEDDK.dll
 0002:0000000c       __imp_READ_PORT_BUFFER_UCHAR 1000600c     ceddk:CEDDK.dll
 0002:00000010       __imp_READ_PORT_ULONG      10006010     ceddk:CEDDK.dll
 0002:00000014       __imp_READ_PORT_USHORT     10006014     ceddk:CEDDK.dll
 0002:00000018       __imp_READ_PORT_UCHAR      10006018     ceddk:CEDDK.dll
 0002:0000001c       __imp_WRITE_PORT_UCHAR     1000601c     ceddk:CEDDK.dll
 0002:00000020       __imp_MmMapIoSpace         10006020     ceddk:CEDDK.dll
 0002:00000024       __imp_WRITE_PORT_ULONG     10006024     ceddk:CEDDK.dll
 0002:00000028       \177CEDDK_NULL_THUNK_DATA  10006028     ceddk:CEDDK.dll
 0002:0000002c       __imp_InitializeCriticalSection 1000602c     coredll:COREDLL.dll
 0002:00000030       __imp_NKDbgPrintfW         10006030     coredll:COREDLL.dll
 0002:00000034       __imp_VirtualFree          10006034     coredll:COREDLL.dll
 0002:00000038       __imp_LeaveCriticalSection 10006038     coredll:COREDLL.dll
 0002:0000003c       __imp_TryEnterCriticalSection 1000603c     coredll:COREDLL.dll
 0002:00000040       __imp_VirtualAlloc         10006040     coredll:COREDLL.dll
 0002:00000044       __imp_VirtualCopy          10006044     coredll:COREDLL.dll
 0002:00000048       __imp_EnterCriticalSection 10006048     coredll:COREDLL.dll
 0002:0000004c       __imp_DisableThreadLibraryCalls 1000604c     coredll:COREDLL.dll
 0002:00000050       __imp___rt_sdiv            10006050     corelib1:COREDLL.dll
 0002:00000054       __imp__purecall            10006054     corelib1:COREDLL.dll
 0002:00000058       __imp___report_gsfailure   10006058     corelib1:COREDLL.dll
 0002:0000005c       __imp_setjmp               1000605c     corelib1:COREDLL.dll
 0002:00000060       __imp_??2@YAPAXI@Z         10006060     corelib1:COREDLL.dll
 0002:00000064       __imp_longjmp              10006064     corelib1:COREDLL.dll
 0002:00000068       __imp_malloc               10006068     corelib1:COREDLL.dll
 0002:0000006c       __imp_memcpy               1000606c     corelib1:COREDLL.dll
 0002:00000070       __imp_??3@YAXPAX@Z         10006070     corelib1:COREDLL.dll
 0002:00000074       __imp_memset               10006074     corelib1:COREDLL.dll
 0002:00000078       \177COREDLL_NULL_THUNK_DATA 10006078     coredll:COREDLL.dll
 0002:0000007c       __imp_NdisInitializeWrapper 1000607c     ndis:NDIS.dll
 0002:00000080       __imp_NdisMSetAttributesEx 10006080     ndis:NDIS.dll
 0002:00000084       __imp_NdisReadConfiguration 10006084     ndis:NDIS.dll
 0002:00000088       __imp_NdisStallExecution   10006088     ndis:NDIS.dll
 0002:0000008c       __imp_NdisMInitializeTimer 1000608c     ndis:NDIS.dll
 0002:00000090       __imp_NdisMCancelTimer     10006090     ndis:NDIS.dll
 0002:00000094       __imp_NdisSetTimer         10006094     ndis:NDIS.dll
 0002:00000098       __imp_NdisMRegisterInterrupt 10006098     ndis:NDIS.dll
 0002:0000009c       __imp_NdisMRegisterMiniport 1000609c     ndis:NDIS.dll
 0002:000000a0       __imp_NdisTerminateWrapper 100060a0     ndis:NDIS.dll
 0002:000000a4       __imp_NdisOpenConfiguration 100060a4     ndis:NDIS.dll
 0002:000000a8       __imp_NdisCloseConfiguration 100060a8     ndis:NDIS.dll
 0002:000000ac       __imp_NdisQueryPacket      100060ac     ndis:NDIS.dll
 0002:000000b0       __imp_NdisReleaseSpinLock  100060b0     ndis:NDIS.dll
 0002:000000b4       __imp_NdisAcquireSpinLock  100060b4     ndis:NDIS.dll
 0002:000000b8       __imp_NdisAllocateSpinLock 100060b8     ndis:NDIS.dll
 0002:000000bc       __imp_NdisInitializeString 100060bc     ndis:NDIS.dll
 0002:000000c0       __imp_NdisFreeMemory       100060c0     ndis:NDIS.dll
 0002:000000c4       __imp_NdisFreeSpinLock     100060c4     ndis:NDIS.dll
 0002:000000c8       \177NDIS_NULL_THUNK_DATA   100060c8     ndis:NDIS.dll
 0002:000000d0       ?gszNICSupportedOid@@3PAKA 100060d0     driver.obj
 0002:00000174       ?SoftMac@@3PAEA            10006174     device.obj
 0002:0000017c       ?UseSoftMac@@3KA           1000617c     device.obj
 0002:000001b8       ?g_szDm9ConfigParams@@3PAU_CONFIG_PARAMETER@@A 100061b8     dm9000.obj
 0002:00000258       __security_cookie          10006258     corelib0:seccinit.obj
 0002:0000025c       __security_cookie_complement 1000625c     corelib0:seccinit.obj
 0002:00000260       ?_gpExpData@@3PAU_EXCEPTION_DATA@@A 10006260     common.obj
 0002:00000264       ?gf@@3PAVCFifo@@A          10006264     dm9000.obj

 entry point at        0001:00000654

 Static symbols

