 KbdS3C2440Jpn2

 Timestamp is 4f87b396 (Fri Apr 13 13:03:18 2012)

 Preferred load address is 10000000

 Start         Length     Name                   Class
 0001:00000000 00001580H .rdata                  CODE
 0001:00001580 0000002bH .rdata$debug            CODE
 0001:000015ac 00004f60H .text                   CODE
 0001:0000650c 000000bcH .xdata                  CODE
 0001:000065c8 00000014H .idata$2                CODE
 0001:000065dc 00000014H .idata$3                CODE
 0001:000065f0 00000114H .idata$4                CODE
 0001:00006704 0000000cH .idata$6                CODE
 0001:00006710 00000249H .edata                  CODE
 0002:00000000 00000114H .idata$5                DATA
 0002:00000118 00000614H .data                   DATA
 0002:00000730 00000410H .bss                    DATA
 0003:00000000 00000280H .pdata                  DATA

  Address         Publics by Value              Rva+Base       Lib:Object

 0000:00000000       ___safe_se_handler_table   00000000     <absolute>
 0000:00000000       ___safe_se_handler_count   00000000     <absolute>
 0001:00000140       ??_C@_1EO@LEIGAKKL@?$AAM?$AAa?$AAt?$AAr?$AAi?$AAx?$AA?3?$AA?5?$AAd?$AAa?$AAt?$AAa?$AA?5?$AAs?$AAt?$AAr?$AAu?$AAc?$AAt?$AAu?$AAr?$AAe?$AA?5?$AAs?$AAi?$AAz?$AAe?$AA?5?$AAm?$AAi?$AAs?$AAm@ 10001140     S3C2440_Layout:s3c2440.obj
 0001:00000190       ??_C@_1GA@IKFMLBEG@?$AAP?$AAS?$AA2?$AA_?$AAA?$AAT?$AA_?$AA0?$AA0?$AA0?$AA0?$AA0?$AA4?$AA1?$AA1?$AA?3?$AA?5?$AAd?$AAa?$AAt?$AAa?$AA?5?$AAs?$AAt?$AAr?$AAu?$AAc?$AAt?$AAu?$AAr?$AAe?$AA?5@ 10001190     kbdjpn_lib:kbdjpn.obj
 0001:00000328       ??_C@_1IA@JFDDLIEO@?$AAC?$AA?3?$AA?2?$AAW?$AAI?$AAN?$AAC?$AAE?$AA6?$AA0?$AA0?$AA?2?$AAP?$AAU?$AAB?$AAL?$AAI?$AAC?$AA?2?$AAC?$AAO?$AAM?$AAM?$AAO?$AAN?$AA?2?$AAO?$AAA?$AAK?$AA?2?$AAD?$AAR@ 10001328     LayoutManager:laymgr.obj
 0001:000003a8       ??_C@_1CI@OHCJFJPM@?$AAE?$AAR?$AAR?$AAO?$AAR?$AA?3?$AA?5?$AA?$CF?$AAs?$AA?5?$AAl?$AAi?$AAn?$AAe?$AA?5?$AA?$CF?$AAd?$AA?3?$AA?5?$AA?$AA@ 100013a8     LayoutManager:laymgr.obj
 0001:000003d0       ??_C@_1GA@OJOBFCAJ@?$AAV?$AAa?$AAl?$AAi?$AAd?$AAa?$AAt?$AAe?$AAI?$AAn?$AAp?$AAu?$AAt?$AAL?$AAa?$AAn?$AAg?$AAu?$AAa?$AAg?$AAe?$AA?3?$AA?5?$AAI?$AAn?$AAv?$AAa?$AAl?$AAi?$AAd?$AA?5?$AAi@ 100013d0     LayoutManager:laymgr.obj
 0001:00000430       ??_C@_1KA@IKFNAPIN@?$AAW?$AAr?$AAi?$AAt?$AAe?$AAT?$AAo?$AAC?$AAh?$AAa?$AAr?$AAB?$AAu?$AAf?$AAf?$AAe?$AAr?$AA?3?$AA?5?$AAC?$AAh?$AAa?$AAr?$AAa?$AAc?$AAt?$AAe?$AAr?$AA?5?$AAb?$AAu?$AAf@ 10001430     LayoutManager:laymgr.obj
 0001:000004d0       ??_C@_1GE@GJAGNIFN@?$AAP?$AAr?$AAo?$AAc?$AAe?$AAs?$AAs?$AAL?$AAi?$AAg?$AAa?$AAt?$AAu?$AAr?$AAe?$AA?3?$AA?5?$AAT?$AAo?$AAo?$AA?5?$AAm?$AAa?$AAn?$AAy?$AA?5?$AAc?$AAh?$AAa?$AAr?$AAa?$AAc@ 100014d0     LayoutManager:laymgr.obj
 0001:00000538       ??_C@_1GE@EEKLGEPK@?$AAP?$AAr?$AAo?$AAc?$AAe?$AAs?$AAs?$AAL?$AAi?$AAg?$AAa?$AAt?$AAu?$AAr?$AAe?$AA?3?$AA?5?$AAW?$AAC?$AAH?$AA_?$AAL?$AAG?$AAT?$AAR?$AA?5?$AAb?$AAu?$AAt?$AA?5?$AAn?$AAo@ 10001538     LayoutManager:laymgr.obj
 0001:000005a0       ??_C@_1HE@LCAGGIGJ@?$AAK?$AAe?$AAy?$AAb?$AAo?$AAa?$AAr?$AAd?$AA?3?$AA?5?$AAE?$AAx?$AAc?$AAe?$AAp?$AAt?$AAi?$AAo?$AAn?$AA?5?$AAi?$AAn?$AA?5?$AAd?$AAe?$AAv?$AAi?$AAc?$AAe?$AA?5?$AAl?$AAa@ 100015a0     LayoutManager:laymgr.obj
 0001:00000618       ??_C@_1HA@NLAOBOAF@?$AAK?$AAe?$AAy?$AAb?$AAo?$AAa?$AAr?$AAd?$AA?3?$AA?5?$AAR?$AAe?$AAm?$AAa?$AAp?$AAp?$AAi?$AAn?$AAg?$AA?5?$AAf?$AAu?$AAn?$AAc?$AAt?$AAi?$AAo?$AAn?$AA?5?$AAr?$AAe?$AAt@ 10001618     LayoutManager:laymgr.obj
 0001:00000688       ??_C@_1HI@HIFNONDF@?$AAK?$AAe?$AAy?$AAb?$AAo?$AAa?$AAr?$AAd?$AA?3?$AA?5?$AAK?$AAe?$AAy?$AAp?$AAr?$AAe?$AAs?$AAs?$AA?5?$AAi?$AAg?$AAn?$AAo?$AAr?$AAe?$AAd?$AA?5?$AAs?$AAi?$AAn?$AAc?$AAe@ 10001688     LayoutManager:laymgr.obj
 0001:00000700       ??_C@_1GO@DOKJIHPH@?$AAK?$AAb?$AAd?$AAN?$AAo?$AAt?$AAi?$AAf?$AAi?$AAc?$AAa?$AAt?$AAi?$AAo?$AAn?$AAT?$AAh?$AAr?$AAe?$AAa?$AAd?$AA?3?$AA?5?$AAR?$AAe?$AAa?$AAd?$AAM?$AAs?$AAg?$AAQ?$AAu@ 10001700     LayoutManager:laymgr.obj
 0001:00000770       ??_C@_1IM@EMDBBKLD@?$AAK?$AAb?$AAd?$AAN?$AAo?$AAt?$AAi?$AAf?$AAi?$AAc?$AAa?$AAt?$AAi?$AAo?$AAn?$AAT?$AAh?$AAr?$AAe?$AAa?$AAd?$AA?3?$AA?5?$AAW?$AAa?$AAi?$AAt?$AAF?$AAo?$AAr?$AAM?$AAu@ 10001770     LayoutManager:laymgr.obj
 0001:000007fc       ??_C@_17LIMMJKCA@?$AAK?$AAB?$AAD?$AA?$AA@ 100017fc     LayoutManager:laymgr.obj
 0001:00000808       ??_C@_1JA@GIEDPKKC@?$AAK?$AAb?$AAd?$AAN?$AAo?$AAt?$AAi?$AAf?$AAi?$AAc?$AAa?$AAt?$AAi?$AAo?$AAn?$AAT?$AAh?$AAr?$AAe?$AAa?$AAd?$AA?3?$AA?5?$AAU?$AAn?$AAa?$AAb?$AAl?$AAe?$AA?5?$AAt?$AAo@ 10001808     LayoutManager:laymgr.obj
 0001:00000898       ??_C@_1IE@GGGHHACJ@?$AAK?$AAb?$AAd?$AAN?$AAo?$AAt?$AAi?$AAf?$AAi?$AAc?$AAa?$AAt?$AAi?$AAo?$AAn?$AAT?$AAh?$AAr?$AAe?$AAa?$AAd?$AA?3?$AA?5?$AAU?$AAn?$AAa?$AAb?$AAl?$AAe?$AA?5?$AAt?$AAo@ 10001898     LayoutManager:laymgr.obj
 0001:0000091c       ??_C@_1DA@FKJDDCGN@?$AAK?$AAe?$AAy?$AAb?$AAo?$AAa?$AAr?$AAd?$AA?5?$AAL?$AAa?$AAy?$AAo?$AAu?$AAt?$AA?2?$AAP?$AAr?$AAe?$AAl?$AAo?$AAa?$AAd?$AA?$AA@ 1000191c     LayoutManager:laymgr.obj
 0001:0000094c       ??_C@_15EFLNJKHH@?$AA?$CF?$AAu?$AA?$AA@ 1000194c     LayoutManager:laymgr.obj
 0001:00000954       ??_C@_19NGFMKOON@?$AA?$CF?$AA0?$AA8?$AAX?$AA?$AA@ 10001954     LayoutManager:laymgr.obj
 0001:00000960       ??_C@_1KG@CKCOLAOB@?$AAG?$AAe?$AAt?$AAD?$AAe?$AAf?$AAa?$AAu?$AAl?$AAt?$AAI?$AAn?$AAp?$AAu?$AAt?$AAM?$AAe?$AAt?$AAh?$AAo?$AAd?$AAN?$AAa?$AAm?$AAe?$AA?3?$AA?5?$AAN?$AAo?$AA?5?$AAv?$AAa@ 10001960     LayoutManager:laymgr.obj
 0001:00000a08       ??_C@_1HE@IHAGDHOA@?$AAG?$AAe?$AAt?$AAD?$AAe?$AAf?$AAa?$AAu?$AAl?$AAt?$AAI?$AAn?$AAp?$AAu?$AAt?$AAM?$AAe?$AAt?$AAh?$AAo?$AAd?$AAN?$AAa?$AAm?$AAe?$AA?3?$AA?5?$AAN?$AAo?$AA?5?$AAv?$AAa@ 10001a08     LayoutManager:laymgr.obj
 0001:00000a7c       ??_C@_1CA@GLIJBCFK@?$AAK?$AAe?$AAy?$AAb?$AAo?$AAa?$AAr?$AAd?$AA?5?$AAL?$AAa?$AAy?$AAo?$AAu?$AAt?$AA?$AA@ 10001a7c     LayoutManager:laymgr.obj
 0001:00000aa0       ??_C@_1FI@IHOACNGN@?$AAI?$AAn?$AAv?$AAa?$AAl?$AAi?$AAd?$AA?5?$AAi?$AAn?$AAp?$AAu?$AAt?$AA?5?$AAl?$AAa?$AAn?$AAg?$AAu?$AAa?$AAg?$AAe?$AA?5?$AAi?$AAn?$AAf?$AAo?$AAr?$AAm?$AAa?$AAt?$AAi@ 10001aa0     LayoutManager:laymgr.obj
 0001:00000af8       ??_C@_1M@LLCLNBHO@?$AA?$CF?$AAs?$AA_?$AA?$CF?$AAs?$AA?$AA@ 10001af8     LayoutManager:laymgr.obj
 0001:00000b04       ??_C@_1CA@PAEAFIKJ@?$AAO?$AAu?$AAt?$AA?5?$AAo?$AAf?$AA?5?$AAm?$AAe?$AAm?$AAo?$AAr?$AAy?$AA?$AN?$AA?6?$AA?$AA@ 10001b04     LayoutManager:laymgr.obj
 0001:00000b28       ??_C@_1FG@IKEAAOND@?$AAI?$AAn?$AAv?$AAa?$AAl?$AAi?$AAd?$AA?5?$AAd?$AAe?$AAv?$AAi?$AAc?$AAe?$AA?5?$AAl?$AAa?$AAy?$AAo?$AAu?$AAt?$AA?5?$AAi?$AAn?$AAf?$AAo?$AAr?$AAm?$AAa?$AAt?$AAi?$AAo@ 10001b28     LayoutManager:laymgr.obj
 0001:00000b80       ??_C@_1FG@KKEHCAMF@?$AAU?$AAn?$AAa?$AAb?$AAl?$AAe?$AA?5?$AAt?$AAo?$AA?5?$AAs?$AAe?$AAt?$AA?5?$AAu?$AAp?$AA?5?$AAk?$AAe?$AAy?$AAb?$AAo?$AAa?$AAr?$AAd?$AA?5?$AAl?$AAa?$AAy?$AAo?$AAu?$AAt@ 10001b80     LayoutManager:laymgr.obj
 0001:00000bd8       ??_C@_1GK@PNFGDIJE@?$AA?$CF?$AAs?$AA?3?$AA?5?$AAL?$AAa?$AAy?$AAo?$AAu?$AAt?$AA?5?$AAM?$AAa?$AAn?$AAa?$AAg?$AAe?$AAr?$AA?5?$AAs?$AAu?$AAc?$AAc?$AAe?$AAs?$AAs?$AAf?$AAu?$AAl?$AAl?$AAy?$AA?5@ 10001bd8     LayoutManager:laymgr.obj
 0001:00000c48       ??_C@_1GK@EADJFIFB@?$AAK?$AAe?$AAy?$AAb?$AAo?$AAa?$AAr?$AAd?$AA?3?$AA?5?$AAE?$AAr?$AAr?$AAo?$AAr?$AA?5?$AAs?$AAe?$AAl?$AAe?$AAc?$AAt?$AAi?$AAn?$AAg?$AA?5?$AAd?$AAe?$AAv?$AAi?$AAc?$AAe@ 10001c48     LayoutManager:laymgr.obj
 0001:00000cb8       ??_C@_1ME@GIAPPCNP@?$AAK?$AAe?$AAy?$AAb?$AAo?$AAa?$AAr?$AAd?$AA?3?$AA?5?$AAC?$AAo?$AAu?$AAl?$AAd?$AA?5?$AAn?$AAo?$AAt?$AA?5?$AAa?$AAc?$AAt?$AAi?$AAv?$AAa?$AAt?$AAe?$AA?5?$AAt?$AAh?$AAe@ 10001cb8     LayoutManager:laymgr.obj
 0001:00000d80       ??_C@_1LE@PONPAOJG@?$AAK?$AAe?$AAy?$AAb?$AAo?$AAa?$AAr?$AAd?$AA?3?$AA?5?$AAD?$AAe?$AAf?$AAa?$AAu?$AAl?$AAt?$AA?5?$AAi?$AAn?$AAp?$AAu?$AAt?$AA?5?$AAm?$AAe?$AAt?$AAh?$AAo?$AAd?$AA?5?$AAs@ 10001d80     LayoutManager:laymgr.obj
 0001:00000e38       ??_C@_1FC@BFKJMBD@?$AAK?$AAe?$AAy?$AAb?$AAo?$AAa?$AAr?$AAd?$AA?3?$AA?5?$AAP?$AAD?$AAD?$AA?5?$AA?$CF?$AAu?$AA?5?$AAi?$AAn?$AAi?$AAt?$AAi?$AAa?$AAl?$AAi?$AAz?$AAa?$AAt?$AAi?$AAo?$AAn?$AA?5@ 10001e38     LayoutManager:laymgr.obj
 0001:00000e8c       ??_C@_1DO@NIMCJCOO@?$AA?$CF?$AAs?$AA?3?$AA?5?$AAC?$AAa?$AAl?$AAl?$AAe?$AAd?$AA?5?$AAw?$AAi?$AAt?$AAh?$AA?5?$AAh?$AAk?$AAl?$AA?5?$AA?$DN?$AA?5?$AA0?$AAx?$AA?$CF?$AA0?$AA8?$AAx?$AA?$AN?$AA?6?$AA?$AA@ 10001e8c     LayoutManager:laymgr.obj
 0001:00000ed0       ??_C@_1HA@EHIGJNFN@?$AAK?$AAe?$AAy?$AAb?$AAd?$AAD?$AAr?$AAi?$AAv?$AAe?$AAr?$AAV?$AAK?$AAe?$AAy?$AAT?$AAo?$AAU?$AAn?$AAi?$AAc?$AAo?$AAd?$AAe?$AA?3?$AA?5?$AAN?$AAo?$AA?5?$AAi?$AAn?$AAp@ 10001ed0     LayoutManager:laymgr.obj
 0001:00000f40       ??_C@_1FI@LMKMPEMM@?$AAM?$AAa?$AAp?$AAV?$AAi?$AAr?$AAt?$AAu?$AAa?$AAl?$AAK?$AAe?$AAy?$AA?3?$AA?5?$AAN?$AAo?$AA?5?$AAd?$AAe?$AAv?$AAi?$AAc?$AAe?$AA?5?$AAl?$AAa?$AAy?$AAo?$AAu?$AAt?$AA?5@ 10001f40     LayoutManager:laymgr.obj
 0001:00000f98       ??_C@_1FK@KLIIDPFG@?$AAM?$AAa?$AAp?$AAV?$AAi?$AAr?$AAt?$AAu?$AAa?$AAl?$AAK?$AAe?$AAy?$AA?3?$AA?5?$AAN?$AAo?$AA?5?$AAi?$AAn?$AAp?$AAu?$AAt?$AA?5?$AAl?$AAa?$AAn?$AAg?$AAu?$AAa?$AAg?$AAe@ 10001f98     LayoutManager:laymgr.obj
 0001:00000ff8       ??_C@_1EC@PDDNOLEO@?$AAK?$AAe?$AAr?$AAn?$AAe?$AAl?$AA?5?$AAP?$AAr?$AAo?$AAf?$AAi?$AAl?$AAe?$AAr?$AA?5?$AAm?$AAo?$AAd?$AAe?$AA?3?$AA?5?$AAB?$AAu?$AAf?$AAf?$AAe?$AAr?$AAe?$AAd?$AA?$AN?$AA?6@ 10001ff8     LayoutManager:profiler.obj
 0001:0000103c       ??_C@_1DM@LDFFLEGF@?$AAK?$AAe?$AAr?$AAn?$AAe?$AAl?$AA?5?$AAP?$AAr?$AAo?$AAf?$AAi?$AAl?$AAe?$AAr?$AA?5?$AAm?$AAo?$AAd?$AAe?$AA?3?$AA?5?$AAC?$AAe?$AAL?$AAo?$AAg?$AA?$AN?$AA?6?$AA?$AA@ 1000203c     LayoutManager:profiler.obj
 0001:00001078       ??_C@_1EG@OLMAKGJN@?$AAK?$AAe?$AAr?$AAn?$AAe?$AAl?$AA?5?$AAP?$AAr?$AAo?$AAf?$AAi?$AAl?$AAe?$AAr?$AA?5?$AAm?$AAo?$AAd?$AAe?$AA?3?$AA?5?$AAU?$AAn?$AAb?$AAu?$AAf?$AAf?$AAe?$AAr?$AAe?$AAd@ 10002078     LayoutManager:profiler.obj
 0001:000010d0       ??_C@_1GE@FBCIKAJP@?$AAK?$AAe?$AAy?$AAb?$AAo?$AAa?$AAr?$AAd?$AA?3?$AA?5?$AAB?$AAu?$AAf?$AAf?$AAe?$AAr?$AA?5?$AAn?$AAo?$AAt?$AA?5?$AAl?$AAa?$AAr?$AAg?$AAe?$AA?5?$AAe?$AAn?$AAo?$AAu?$AAg@ 100020d0     NumPadRmp:numpadrmp.obj
 0001:00001338       ??_C@_1FI@GDAMFMIA@?$AAI?$AAL?$AA_?$AA0?$AA0?$AA0?$AA0?$AA0?$AA4?$AA1?$AA1?$AA?3?$AA?5?$AAd?$AAa?$AAt?$AAa?$AA?5?$AAs?$AAt?$AAr?$AAu?$AAc?$AAt?$AAu?$AAr?$AAe?$AA?5?$AAs?$AAi?$AAz?$AAe@ 10002338     InputLang_0411:il_0411.obj
 0001:00001390       ??_C@_1BC@MIPAGAPN@?$AAP?$AAS?$AA?1?$AA2?$AA?5?$AAN?$AAO?$AAP?$AA?$AA@ 10002390     Nop_KbdCommon:nopkbd.obj
 0001:000013a4       ??_C@_1O@PLFHEEBL@?$AAM?$AAa?$AAt?$AAr?$AAi?$AAx?$AA?$AA@ 100023a4     S3C2440KBD:kbd.obj
 0001:000013b8       ??_C@_1IE@GPNJJMCA@?$AAC?$AA?3?$AA?2?$AAW?$AAI?$AAN?$AAC?$AAE?$AA6?$AA0?$AA0?$AA?2?$AAP?$AAL?$AAA?$AAT?$AAF?$AAO?$AAR?$AAM?$AA?2?$AAU?$AAP?$AA2?$AA4?$AA4?$AA0?$AA?2?$AAS?$AAr?$AAc?$AA?2@ 100023b8     S3C2440KBD:kbd.obj
 0001:00001440       ??_C@_1EK@MOBBCAKI@?$AAC?$AAo?$AAu?$AAl?$AAd?$AA?5?$AAn?$AAo?$AAt?$AA?5?$AAi?$AAn?$AAi?$AAt?$AAi?$AAa?$AAl?$AAi?$AAz?$AAe?$AA?5?$AAp?$AAs?$AA2?$AA?5?$AAk?$AAe?$AAy?$AAb?$AAo?$AAa?$AAr@ 10002440     S3C2440KBD:kbd.obj
 0001:0000148c       ??_C@_1BA@JCIEHDJA@?$AAS?$AAS?$AAP?$AAB?$AAa?$AAs?$AAe?$AA?$AA@ 1000248c     S3C2440KBD:s3c2440kbd.obj
 0001:0000149c       ??_C@_1O@IEBMKJOO@?$AAI?$AAO?$AAB?$AAa?$AAs?$AAe?$AA?$AA@ 1000249c     S3C2440KBD:s3c2440kbd.obj
 0001:000014ac       ??_C@_1DC@EACIGNLE@?$AAH?$AAA?$AAR?$AAD?$AAW?$AAA?$AAR?$AAE?$AA?2?$AAD?$AAE?$AAV?$AAI?$AAC?$AAE?$AAM?$AAA?$AAP?$AA?2?$AAK?$AAE?$AAY?$AAB?$AAD?$AA?$AA@ 100024ac     S3C2440KBD:s3c2440kbd.obj
 0001:000014e0       ??_C@_1IA@JKNIKOOG@?$AAE?$AAR?$AAR?$AAO?$AAR?$AA?3?$AA?5?$AAF?$AAa?$AAi?$AAl?$AAe?$AAd?$AA?5?$AAt?$AAo?$AA?5?$AAo?$AAb?$AAt?$AAa?$AAi?$AAn?$AA?5?$AAs?$AAy?$AAs?$AAi?$AAn?$AAt?$AAr?$AA?5@ 100024e0     S3C2440KBD:s3c2440kbd.obj
 0001:00001560       ??_C@_17DJGGJCGD@?$AAI?$AAr?$AAq?$AA?$AA@ 10002560     S3C2440KBD:s3c2440kbd.obj
 0001:00001568       ??_C@_1BI@BHLBGEOK@?$AAP?$AAr?$AAi?$AAo?$AAr?$AAi?$AAt?$AAy?$AA2?$AA5?$AA6?$AA?$AA@ 10002568     S3C2440KBD:s3c2440kbd.obj
 0001:00001764       Matrix                     10002764 f   S3C2440_Layout:s3c2440.obj
 0001:00001ca4       PS2_AT_00000411            10002ca4 f   kbdjpn_lib:kbdjpn.obj
 0001:000025e8       KeybdDriverInitStates      100035e8 f   LayoutManager:laymgr.obj
 0001:00002610       KeybdDriverGetInfo         10003610 f   LayoutManager:laymgr.obj
 0001:000027b0       KeybdDriverSetMode         100037b0 f   LayoutManager:laymgr.obj
 0001:00002874       KeybdDriverPowerHandler    10003874 f   LayoutManager:laymgr.obj
 0001:00002ac4       ?KeybdEventThreadProc@@YAKPAX@Z 10003ac4 f   LayoutManager:laymgr.obj
 0001:00002d78       ?KeybdEventCallback@@YAXIIH@Z 10003d78 f   LayoutManager:laymgr.obj
 0001:00003844       ?GetKeyboardProcAddr@@YAP6AHXZPAUHINSTANCE__@@PBG@Z 10004844 f   LayoutManager:laymgr.obj
 0001:000042a0       KeybdDriverInitializeEx    100052a0 f   LayoutManager:laymgr.obj
 0001:00004660       LayoutMgrGetKeyboardType   10005660 f   LayoutManager:laymgr.obj
 0001:000046e4       LayoutMgrGetKeyboardLayout 100056e4 f   LayoutManager:laymgr.obj
 0001:00004728       LayoutMgrGetKeyboardLayoutName 10005728 f   LayoutManager:laymgr.obj
 0001:000047a0       LayoutMgrGetKeyboardLayoutList 100057a0 f   LayoutManager:laymgr.obj
 0001:000049ec       LayoutMgrLoadKeyboardLayout 100059ec f   LayoutManager:laymgr.obj
 0001:00004c34       LayoutMgrActivateKeyboardLayout 10005c34 f   LayoutManager:laymgr.obj
 0001:00004cc8       DllMain                    10005cc8 f   LayoutManager:laymgr.obj
 0001:00004ce0       KeybdDriverVKeyToUnicode   10005ce0 f   LayoutManager:laymgr.obj
 0001:00005044       KeybdDriverMapVirtualKey   10006044 f   LayoutManager:laymgr.obj
 0001:00005244       ?DoProfilerKey@@YAHG@Z     10006244 f   LayoutManager:profiler.obj
 0001:00005610       ?NumPadRemapVKey@@YAIPBU_KEYBD_EVENT@@IPAU1@I@Z 10006610 f   NumPadRmp:numpadrmp.obj
 0001:000056f8       IL_00000411                100066f8 f   InputLang_0411:il_0411.obj
 0001:0000573c       NKDbgPrintfW               1000673c f   coredll:COREDLL.dll
 0001:0000574c       ImmGetConversionStatus     1000674c f   coredll:COREDLL.dll
 0001:0000575c       EventModify                1000675c f   coredll:COREDLL.dll
 0001:0000576c       EnterCriticalSection       1000676c f   coredll:COREDLL.dll
 0001:0000577c       LeaveCriticalSection       1000677c f   coredll:COREDLL.dll
 0001:0000578c       SetLastError               1000678c f   coredll:COREDLL.dll
 0001:0000579c       DeviceIoControl            1000679c f   coredll:COREDLL.dll
 0001:000057ac       keybd_event                100067ac f   coredll:COREDLL.dll
 0001:000057bc       WaitForSingleObject        100067bc f   coredll:COREDLL.dll
 0001:000057cc       GetTickCount               100067cc f   coredll:COREDLL.dll
 0001:000057dc       SetThreadPriority          100067dc f   coredll:COREDLL.dll
 0001:000057ec       WaitForMultipleObjects     100067ec f   coredll:COREDLL.dll
 0001:000057fc       StopDeviceNotifications    100067fc f   coredll:COREDLL.dll
 0001:0000580c       CloseHandle                1000680c f   coredll:COREDLL.dll
 0001:0000581c       CreateFileW                1000681c f   coredll:COREDLL.dll
 0001:0000582c       ReadMsgQueue               1000682c f   coredll:COREDLL.dll
 0001:0000583c       RequestDeviceNotifications 1000683c f   coredll:COREDLL.dll
 0001:0000584c       GetLastError               1000684c f   coredll:COREDLL.dll
 0001:0000585c       CreateMsgQueue             1000685c f   coredll:COREDLL.dll
 0001:0000586c       RegOpenKeyExW              1000686c f   coredll:COREDLL.dll
 0001:0000587c       RegCloseKey                1000687c f   coredll:COREDLL.dll
 0001:0000588c       RegQueryValueExW           1000688c f   coredll:COREDLL.dll
 0001:0000589c       StringCchCopyW             1000689c f   coredll:COREDLL.dll
 0001:000058ac       GetProcAddressW            100068ac f   coredll:COREDLL.dll
 0001:000058bc       FreeLibrary                100068bc f   coredll:COREDLL.dll
 0001:000058cc       LoadLibraryW               100068cc f   coredll:COREDLL.dll
 0001:000058dc       RegEnumValueW              100068dc f   coredll:COREDLL.dll
 0001:000058ec       LocalFree                  100068ec f   coredll:COREDLL.dll
 0001:000058fc       LocalAlloc                 100068fc f   coredll:COREDLL.dll
 0001:0000590c       DeleteCriticalSection      1000690c f   coredll:COREDLL.dll
 0001:0000591c       CreateThread               1000691c f   coredll:COREDLL.dll
 0001:0000592c       CreateEventW               1000692c f   coredll:COREDLL.dll
 0001:0000593c       InitializeCriticalSection  1000693c f   coredll:COREDLL.dll
 0001:0000594c       CeSafeCopyMemory           1000694c f   coredll:COREDLL.dll
 0001:0000595c       RegDeleteKeyW              1000695c f   coredll:COREDLL.dll
 0001:0000596c       RegSetValueExW             1000696c f   coredll:COREDLL.dll
 0001:0000597c       RegCreateKeyExW            1000697c f   coredll:COREDLL.dll
 0001:0000598c       StringCchLengthW           1000698c f   coredll:COREDLL.dll
 0001:0000599c       DisableThreadLibraryCalls  1000699c f   coredll:COREDLL.dll
 0001:000059ac       ProfileStart               100069ac f   coredll:COREDLL.dll
 0001:000059bc       ProfileStop                100069bc f   coredll:COREDLL.dll
 0001:000059cc       GetAsyncKeyState           100069cc f   coredll:COREDLL.dll
 0001:000059dc       IsAPIReady                 100069dc f   coredll:COREDLL.dll
 0001:000059ec       __GSHandlerCheckCommon     100069ec f   corelib0:gshandler.obj
 0001:00005a28       __GSHandlerCheck           10006a28 f   corelib0:gshandler.obj
 0001:00005a4c       __security_check_cookie    10006a4c f   corelib0:armsecgs.obj
 0001:00005a60       __gsfailure                10006a60 f   corelib0:armsecgs.obj
 0001:00005aa4       __GSHandlerCheck_SEH       10006aa4 f   corelib0:gshandlerseh.obj
 0001:00005af4       memcpy                     10006af4 f   corelib1:COREDLL.dll
 0001:00005b04       wcsrchr                    10006b04 f   corelib1:COREDLL.dll
 0001:00005b14       wcsstr                     10006b14 f   corelib1:COREDLL.dll
 0001:00005b24       memset                     10006b24 f   corelib1:COREDLL.dll
 0001:00005b34       __C_specific_handler       10006b34 f   corelib1:COREDLL.dll
 0001:00005b44       _snwprintf                 10006b44 f   corelib1:COREDLL.dll
 0001:00005b54       wcstoul                    10006b54 f   corelib1:COREDLL.dll
 0001:00005b64       wcscpy                     10006b64 f   corelib1:COREDLL.dll
 0001:00005b74       _wcsicmp                   10006b74 f   corelib1:COREDLL.dll
 0001:00005b84       _wcslwr                    10006b84 f   corelib1:COREDLL.dll
 0001:00005b94       wcsncat                    10006b94 f   corelib1:COREDLL.dll
 0001:00005ba4       wcsncpy                    10006ba4 f   corelib1:COREDLL.dll
 0001:00005bb4       wcsncmp                    10006bb4 f   corelib1:COREDLL.dll
 0001:00005bc4       towlower                   10006bc4 f   corelib1:COREDLL.dll
 0001:00005bd4       __report_gsfailure         10006bd4 f   corelib1:COREDLL.dll
 0001:00005be4       ?PS2_NOP_Entry@@YAHIP6AXIIH@ZPAPAUtagKEYBD_PDD@@@Z 10006be4 f   Nop_KbdCommon:nopkbd.obj
 0001:00005bf8       ?ReadRegDWORD@@YAXPBG0PAK@Z 10006bf8 f   S3C2440KBD:kbd.obj
 0001:00005cc8       ?Matrix_Entry@@YAHIP6AXIIH@ZPAPAUtagKEYBD_PDD@@@Z 10006cc8 f   S3C2440KBD:kbd.obj
 0001:00005d80       ?putcToKBCTL@@YAHE@Z       10006d80 f   S3C2440KBD:s3c2440kbd.obj
 0001:00005dd8       ?getsFromKBCTL@@YAXPAEH@Z  10006dd8 f   S3C2440KBD:s3c2440kbd.obj
 0001:00005e7c       ?putsToKBCTL@@YAXPAEH@Z    10006e7c f   S3C2440KBD:s3c2440kbd.obj
 0001:00005f18       ?KeybdDriverInitializeAddresses@@YAHXZ 10006f18 f   S3C2440KBD:s3c2440kbd.obj
 0001:0000609c       ?KeybdPdd_ToggleKeyNotification@@YAXI@Z 1000709c f   S3C2440KBD:s3c2440kbd.obj
 0001:000060a0       ?IsrThreadProc@Ps2Keybd@@QAAHXZ 100070a0 f   S3C2440KBD:s3c2440kbd.obj
 0001:000061dc       ?Ps2KeybdIsrThread@@YAKPAVPs2Keybd@@@Z 100071dc f   S3C2440KBD:s3c2440kbd.obj
 0001:000061f0       ?IsrThreadStart@Ps2Keybd@@QAAHXZ 100071f0 f   S3C2440KBD:s3c2440kbd.obj
 0001:00006230       ?Initialize@Ps2Keybd@@QAAHXZ 10007230 f   S3C2440KBD:s3c2440kbd.obj
 0001:00006240       ?KeybdPowerOn@Ps2Keybd@@QAAHXZ 10007240 f   S3C2440KBD:s3c2440kbd.obj
 0001:000063e0       ?KeybdPdd_PowerHandler@@YAXH@Z 100073e0 f   S3C2440KBD:s3c2440kbd.obj
 0001:00006400       ?KeybdIstLoop@@YAHPAUtagKEYBD_IST@@@Z 10007400 f   KeybdIst:keybdist.obj
 0001:0000647c       VirtualFree                1000747c f   coredll:COREDLL.dll
 0001:0000648c       VirtualCopy                1000748c f   coredll:COREDLL.dll
 0001:0000649c       VirtualAlloc               1000749c f   coredll:COREDLL.dll
 0001:000064ac       CeSetThreadPriority        100074ac f   coredll:COREDLL.dll
 0001:000064bc       InterruptInitialize        100074bc f   coredll:COREDLL.dll
 0001:000064cc       KernelIoControl            100074cc f   coredll:COREDLL.dll
 0001:000064dc       InterruptDone              100074dc f   coredll:COREDLL.dll
 0001:000064ec       ??3@YAXPAX@Z               100074ec f   corelib1:COREDLL.dll
 0001:000064fc       ??2@YAPAXI@Z               100074fc f   corelib1:COREDLL.dll
 0001:000065c8       __IMPORT_DESCRIPTOR_COREDLL 100075c8     coredll:COREDLL.dll
 0001:000065dc       __NULL_IMPORT_DESCRIPTOR   100075dc     coredll:COREDLL.dll
 0002:00000000       __imp_NKDbgPrintfW         10008000     coredll:COREDLL.dll
 0002:00000004       __imp_ImmGetConversionStatus 10008004     coredll:COREDLL.dll
 0002:00000008       __imp_EventModify          10008008     coredll:COREDLL.dll
 0002:0000000c       __imp_EnterCriticalSection 1000800c     coredll:COREDLL.dll
 0002:00000010       __imp_LeaveCriticalSection 10008010     coredll:COREDLL.dll
 0002:00000014       __imp_SetLastError         10008014     coredll:COREDLL.dll
 0002:00000018       __imp_DeviceIoControl      10008018     coredll:COREDLL.dll
 0002:0000001c       __imp_keybd_event          1000801c     coredll:COREDLL.dll
 0002:00000020       __imp_WaitForSingleObject  10008020     coredll:COREDLL.dll
 0002:00000024       __imp_GetTickCount         10008024     coredll:COREDLL.dll
 0002:00000028       __imp_SetThreadPriority    10008028     coredll:COREDLL.dll
 0002:0000002c       __imp_WaitForMultipleObjects 1000802c     coredll:COREDLL.dll
 0002:00000030       __imp_StopDeviceNotifications 10008030     coredll:COREDLL.dll
 0002:00000034       __imp_CloseHandle          10008034     coredll:COREDLL.dll
 0002:00000038       __imp_CreateFileW          10008038     coredll:COREDLL.dll
 0002:0000003c       __imp_ReadMsgQueue         1000803c     coredll:COREDLL.dll
 0002:00000040       __imp_RequestDeviceNotifications 10008040     coredll:COREDLL.dll
 0002:00000044       __imp_GetLastError         10008044     coredll:COREDLL.dll
 0002:00000048       __imp_CreateMsgQueue       10008048     coredll:COREDLL.dll
 0002:0000004c       __imp_RegOpenKeyExW        1000804c     coredll:COREDLL.dll
 0002:00000050       __imp_RegCloseKey          10008050     coredll:COREDLL.dll
 0002:00000054       __imp_RegQueryValueExW     10008054     coredll:COREDLL.dll
 0002:00000058       __imp_StringCchCopyW       10008058     coredll:COREDLL.dll
 0002:0000005c       __imp_GetProcAddressW      1000805c     coredll:COREDLL.dll
 0002:00000060       __imp_FreeLibrary          10008060     coredll:COREDLL.dll
 0002:00000064       __imp_LoadLibraryW         10008064     coredll:COREDLL.dll
 0002:00000068       __imp_RegEnumValueW        10008068     coredll:COREDLL.dll
 0002:0000006c       __imp_LocalFree            1000806c     coredll:COREDLL.dll
 0002:00000070       __imp_LocalAlloc           10008070     coredll:COREDLL.dll
 0002:00000074       __imp_DeleteCriticalSection 10008074     coredll:COREDLL.dll
 0002:00000078       __imp_CreateThread         10008078     coredll:COREDLL.dll
 0002:0000007c       __imp_CreateEventW         1000807c     coredll:COREDLL.dll
 0002:00000080       __imp_InitializeCriticalSection 10008080     coredll:COREDLL.dll
 0002:00000084       __imp_CeSafeCopyMemory     10008084     coredll:COREDLL.dll
 0002:00000088       __imp_RegDeleteKeyW        10008088     coredll:COREDLL.dll
 0002:0000008c       __imp_RegSetValueExW       1000808c     coredll:COREDLL.dll
 0002:00000090       __imp_RegCreateKeyExW      10008090     coredll:COREDLL.dll
 0002:00000094       __imp_StringCchLengthW     10008094     coredll:COREDLL.dll
 0002:00000098       __imp_DisableThreadLibraryCalls 10008098     coredll:COREDLL.dll
 0002:0000009c       __imp_ProfileStart         1000809c     coredll:COREDLL.dll
 0002:000000a0       __imp_ProfileStop          100080a0     coredll:COREDLL.dll
 0002:000000a4       __imp_GetAsyncKeyState     100080a4     coredll:COREDLL.dll
 0002:000000a8       __imp_IsAPIReady           100080a8     coredll:COREDLL.dll
 0002:000000ac       __imp_memcpy               100080ac     corelib1:COREDLL.dll
 0002:000000b0       __imp_wcsrchr              100080b0     corelib1:COREDLL.dll
 0002:000000b4       __imp_wcsstr               100080b4     corelib1:COREDLL.dll
 0002:000000b8       __imp_memset               100080b8     corelib1:COREDLL.dll
 0002:000000bc       __imp___C_specific_handler 100080bc     corelib1:COREDLL.dll
 0002:000000c0       __imp___rt_udiv            100080c0     corelib1:COREDLL.dll
 0002:000000c4       __imp__snwprintf           100080c4     corelib1:COREDLL.dll
 0002:000000c8       __imp_wcstoul              100080c8     corelib1:COREDLL.dll
 0002:000000cc       __imp_wcscpy               100080cc     corelib1:COREDLL.dll
 0002:000000d0       __imp__wcsicmp             100080d0     corelib1:COREDLL.dll
 0002:000000d4       __imp__wcslwr              100080d4     corelib1:COREDLL.dll
 0002:000000d8       __imp_wcsncat              100080d8     corelib1:COREDLL.dll
 0002:000000dc       __imp_wcsncpy              100080dc     corelib1:COREDLL.dll
 0002:000000e0       __imp_wcsncmp              100080e0     corelib1:COREDLL.dll
 0002:000000e4       __imp_towlower             100080e4     corelib1:COREDLL.dll
 0002:000000e8       __imp___report_gsfailure   100080e8     corelib1:COREDLL.dll
 0002:000000ec       __imp_VirtualFree          100080ec     coredll:COREDLL.dll
 0002:000000f0       __imp_VirtualCopy          100080f0     coredll:COREDLL.dll
 0002:000000f4       __imp_VirtualAlloc         100080f4     coredll:COREDLL.dll
 0002:000000f8       __imp_CeSetThreadPriority  100080f8     coredll:COREDLL.dll
 0002:000000fc       __imp_InterruptInitialize  100080fc     coredll:COREDLL.dll
 0002:00000100       __imp_KernelIoControl      10008100     coredll:COREDLL.dll
 0002:00000104       __imp_InterruptDone        10008104     coredll:COREDLL.dll
 0002:00000108       __imp_??3@YAXPAX@Z         10008108     corelib1:COREDLL.dll
 0002:0000010c       __imp_??2@YAPAXI@Z         1000810c     corelib1:COREDLL.dll
 0002:00000110       \177COREDLL_NULL_THUNK_DATA 10008110     coredll:COREDLL.dll
 0002:00000118       ?ScanCodeToVKeyTable@@3PAEA 10008118     S3C2440_Layout:s3c2440.obj
 0002:000006f4       __security_cookie          100086f4     corelib0:seccinit.obj
 0002:000006f8       __security_cookie_complement 100086f8     corelib0:seccinit.obj
 0002:000006fc       ?g_rgpfnPddEntries@@3PAP6AHIP6AXIIH@ZPAPAUtagKEYBD_PDD@@@ZA 100086fc     PddList:pddlist.obj
 0002:00000728       ?g_dwSysIntr_Keybd@@3KA    10008728     S3C2440KBD:s3c2440kbd.obj
 0002:00000778       ?g_csEventCallback@@3UCRITICAL_SECTION@@A 10008778     LayoutManager:laymgr.obj
 0002:00000b24       ?v_uiPddId@@3IA            10008b24     S3C2440KBD:kbd.obj
 0002:00000b28       ?v_pfnKeybdEvent@@3P6AXIIH@ZA 10008b28     S3C2440KBD:kbd.obj
 0002:00000b30       ?v_pp2k@@3PAVPs2Keybd@@A   10008b30     S3C2440KBD:s3c2440kbd.obj
 0002:00000b34       ?v_pIOPregs@@3PCUS3C2440A_IOPORT_REG@@C 10008b34     S3C2440KBD:s3c2440kbd.obj
 0002:00000b38       ?v_pSPIregs@@3PCUS3C2440A_SPI_REG@@C 10008b38     S3C2440KBD:s3c2440kbd.obj

 entry point at        0001:00004cc8

 Static symbols

 0001:000015ac       ?MatrixUsRemapVKey@@YAIPBU_KEYBD_EVENT@@IPAU1@I@Z 100025ac f   S3C2440_Layout:s3c2440.obj
 0001:000017a8       ?ATJpn2RemapVKeyDown@@YAIIIIPAI00@Z 100027a8 f   kbdjpn_lib:kbdjpn.obj
 0001:00001b10       ?ATJpn2RemapVKeyUp@@YAIIIIPAI00@Z 10002b10 f   kbdjpn_lib:kbdjpn.obj
 0001:00001c18       ?ATJpn2RemapVKey@@YAIPBU_KEYBD_EVENT@@IPAU1@I@Z 10002c18 f   kbdjpn_lib:kbdjpn.obj
 0001:00001ce8       ?ValidateInputLanguage@@YAHPBU_INPUT_LANGUAGE@@@Z 10002ce8 f   LayoutManager:laymgr.obj
 0001:00001db4       ?ScanCodeToVKey@@YAHIPAPAUScanCodeToVKeyData@@IPAI@Z 10002db4 f   LayoutManager:laymgr.obj
 0001:00001e40       ?WriteToCharBuffer@@YAXGIPAI0@Z 10002e40 f   LayoutManager:laymgr.obj
 0001:00001ea0       ?ProcessDeadKeys@@YAIPAGPBU_DEADKEY@@GPAIII@Z 10002ea0 f   LayoutManager:laymgr.obj
 0001:00001f54       ?ProcessLigature@@YAIPAUtagINPUT_LANGUAGE_INFO@@IIGPAII@Z 10002f54 f   LayoutManager:laymgr.obj
 0001:000020c4       ?GetCharacters@@YAIPAUtagINPUT_LANGUAGE_INFO@@PBU_VK_TO_WCHAR_TABLE@@PBU_VK_TO_WCHARS1@@GIPAII@Z 100030c4 f   LayoutManager:laymgr.obj
 0001:00002258       ?VKeyToUnicode@@YAIPAUtagINPUT_LANGUAGE_INFO@@IIPAII@Z 10003258 f   LayoutManager:laymgr.obj
 0001:000023f8       ?AltNumKeyEvent@@YAHIIPAI0@Z 100033f8 f   LayoutManager:laymgr.obj
 0001:0000274c       ?BroadcastToKeyboards@@YAXKPAXK@Z 1000374c f   LayoutManager:laymgr.obj
 0001:000028f8       ?CallDLRemapFn@@YAIP6AIPBU_KEYBD_EVENT@@IPAU1@I@Z0I1I@Z 100038f8 f   LayoutManager:laymgr.obj
 0001:0000296c       ?SendRemappedEvent@@YAXIIIHPAUtagDEVICE_LAYOUT_INFO@@@Z 1000396c f   LayoutManager:laymgr.obj
 0001:00002df4       ?KbdNotificationThread@@YAKPAX@Z 10003df4 f   LayoutManager:laymgr.obj
 0001:000031c0       ?GetPreloadInputMethodKey@@YAHIPAPAUHKEY__@@@Z 100041c0 f   LayoutManager:laymgr.obj
 0001:0000328c       ?GetPreloadInputMethodName@@YAHIPAG@Z 1000428c f   LayoutManager:laymgr.obj
 0001:00003320       ?GetInputMethodInfo@@YAHPBGPAUtagINPUT_LANGUAGE_INFO@@@Z 10004320 f   LayoutManager:laymgr.obj
 0001:00003478       ?GetDefaultInputMethodName@@YAHPAG@Z 10004478 f   LayoutManager:laymgr.obj
 0001:00003624       ?GenerateModifierToShiftTable@@YAHPAUtagINPUT_LANGUAGE_INFO@@@Z 10004624 f   LayoutManager:laymgr.obj
 0001:000036fc       ?GetImeKeyboardLayout@@YAPAUHKL__@@PAU1@@Z 100046fc f   LayoutManager:laymgr.obj
 0001:000038c8       ?SetInputLanguage@@YAHPAUHKL__@@PAPAU1@@Z 100048c8 f   LayoutManager:laymgr.obj
 0001:00003ba0       ?DeviceLayoutMatchesPDD@@YAHPBG00GPAGK@Z 10004ba0 f   LayoutManager:laymgr.obj
 0001:00003d94       ?SelectDeviceLayout@@YAHPAGPAUtagKEYBD_PDD@@0K0K@Z 10004d94 f   LayoutManager:laymgr.obj
 0001:00003fb0       ?SetDeviceLayout@@YAHPAUHKL__@@I@Z 10004fb0 f   LayoutManager:laymgr.obj
 0001:000048ac       ?IsLayoutLoaded@@YAHPBG@Z  100058ac f   LayoutManager:laymgr.obj
 0001:00005318       ?NumPadRemapVKeyDown@@YAIIIIPAU_KEYBD_EVENT@@@Z 10006318 f   NumPadRmp:numpadrmp.obj
 0001:0000548c       ?NumPadRemapVKeyUp@@YAIIIIPAU_KEYBD_EVENT@@@Z 1000648c f   NumPadRmp:numpadrmp.obj
 0001:00005c7c       ?Matrix_PowerHandler@@YAXIH@Z 10006c7c f   S3C2440KBD:kbd.obj
 0001:00005c90       ?Matrix_ToggleLights@@YAXII@Z 10006c90 f   S3C2440KBD:kbd.obj
 0001:00006034       ?KeybdPdd_GetEventEx2@@YAIIQAIQAH@Z 10007034 f   S3C2440KBD:s3c2440kbd.obj
