 ohci2

 Timestamp is 4f87b399 (Fri Apr 13 13:03:21 2012)

 Preferred load address is 10000000

 Start         Length     Name                   Class
 0001:00000000 00000d2eH .rdata                  CODE
 0001:00000d30 00000022H .rdata$debug            CODE
 0001:00000d54 0000b8b4H .text                   CODE
 0001:0000c608 00000140H .xdata                  CODE
 0001:0000c748 00000028H .idata$2                CODE
 0001:0000c770 00000014H .idata$3                CODE
 0001:0000c784 00000100H .idata$4                CODE
 0001:0000c884 00000016H .idata$6                CODE
 0001:0000c8a0 00000100H .edata                  CODE
 0002:00000000 00000100H .idata$5                DATA
 0002:00000100 0000003cH .data                   DATA
 0002:0000013c 0000001cH .bss                    DATA
 0003:00000000 00000970H .pdata                  DATA

  Address         Publics by Value              Rva+Base       Lib:Object

 0000:00000000       ___safe_se_handler_count   00000000     <absolute>
 0000:00000000       ___safe_se_handler_table   00000000     <absolute>
 0001:00000024       ??_C@_1CC@NPEFILDH@?$AAP?$AAh?$AAy?$AAs?$AAi?$AAc?$AAa?$AAl?$AAP?$AAa?$AAg?$AAe?$AAS?$AAi?$AAz?$AAe?$AA?$AA@ 10001024     2440_ohci.obj
 0001:00000048       ??_C@_1BI@BHLBGEOK@?$AAP?$AAr?$AAi?$AAo?$AAr?$AAi?$AAt?$AAy?$AA2?$AA5?$AA6?$AA?$AA@ 10001048     hcdlib:hcddrv.obj
 0001:00000060       ??_C@_17KACEIPNC@?$AAK?$AAe?$AAy?$AA?$AA@ 10001060     hcdlib:hcddrv.obj
 0001:00000068       ??_7CHcd@@6B@              10001068     hcdlib:hcd.obj
 0001:000000b8       ??_C@_1BE@NANPENDH@?$AAH?$AAc?$AAd?$AAA?$AAt?$AAt?$AAa?$AAc?$AAh?$AA?$AA@ 100010b8     hcdlib:cdevice.obj
 0001:000000cc       ??_C@_1CE@MBINLHH@?$AAH?$AAc?$AAd?$AAD?$AAe?$AAv?$AAi?$AAc?$AAe?$AAA?$AAt?$AAt?$AAa?$AAc?$AAh?$AAe?$AAd?$AA?$AA@ 100010cc     hcdlib:cdevice.obj
 0001:000000f0       ??_C@_1CE@KAKNBFJP@?$AAH?$AAc?$AAd?$AAD?$AAe?$AAv?$AAi?$AAc?$AAe?$AAD?$AAe?$AAt?$AAa?$AAc?$AAh?$AAe?$AAd?$AA?$AA@ 100010f0     hcdlib:cdevice.obj
 0001:00000114       ??_C@_1CO@MCCAIHAO@?$AAH?$AAc?$AAd?$AAS?$AAe?$AAl?$AAe?$AAc?$AAt?$AAC?$AAo?$AAn?$AAf?$AAi?$AAg?$AAu?$AAr?$AAa?$AAt?$AAi?$AAo?$AAn?$AA?$AA@ 10001114     hcdlib:cdevice.obj
 0001:00000144       ??_C@_1BC@MPAIGMIO@?$AAU?$AAS?$AAB?$AAD?$AA?4?$AAD?$AAL?$AAL?$AA?$AA@ 10001144     hcdlib:cdevice.obj
 0001:00000158       ??_C@_1BE@MDMBICMJ@?$AAH?$AAc?$AAd?$AAD?$AAe?$AAt?$AAa?$AAc?$AAh?$AA?$AA@ 10001158     hcdlib:cdevice.obj
 0001:0000016c       ??_7CDevice@@6B@           1000116c     hcdlib:cdevice.obj
 0001:000001a0       ??_C@_1LG@HEEINJNP@?$AA?$CB?$AA?$CB?$AA?$CB?$AAC?$AAF?$AAu?$AAn?$AAc?$AAt?$AAi?$AAo?$AAn?$AA?$CI?$AA?5?$AAt?$AAi?$AAe?$AAr?$AA?5?$AA?$CF?$AAd?$AA?$CJ?$AA?3?$AA?3?$AAI?$AAs?$AAs?$AAu?$AAe?$AAT?$AAr?$AAa@ 100011a0     hcdlib:cdevice.obj
 0001:00000258       ??_C@_1LE@DHENCBPM@?$AA?$CB?$AA?$CB?$AA?$CB?$AAC?$AAF?$AAu?$AAn?$AAc?$AAt?$AAi?$AAo?$AAn?$AA?$CI?$AA?5?$AAt?$AAi?$AAe?$AAr?$AA?5?$AA?$CF?$AAd?$AA?$CJ?$AA?3?$AA?3?$AAI?$AAs?$AAP?$AAi?$AAp?$AAe?$AAH?$AAa@ 10001258     hcdlib:cdevice.obj
 0001:00000310       ??_C@_1KC@IPFPLIKG@?$AA?$CB?$AA?$CB?$AA?$CB?$AAC?$AAF?$AAu?$AAn?$AAc?$AAt?$AAi?$AAo?$AAn?$AA?$CI?$AA?5?$AAt?$AAi?$AAe?$AAr?$AA?5?$AA?$CF?$AAd?$AA?$CJ?$AA?3?$AA?3?$AAS?$AAe?$AAt?$AAO?$AAr?$AAC?$AAl?$AAe@ 10001310     hcdlib:cdevice.obj
 0001:000003b8       ??_C@_1KI@NHPPIIBA@?$AA?$CB?$AA?$CB?$AA?$CB?$AAC?$AAF?$AAu?$AAn?$AAc?$AAt?$AAi?$AAo?$AAn?$AA?$CI?$AA?5?$AAt?$AAi?$AAe?$AAr?$AA?5?$AA?$CF?$AAd?$AA?$CJ?$AA?3?$AA?3?$AAS?$AAe?$AAt?$AAO?$AAr?$AAC?$AAl?$AAe@ 100013b8     hcdlib:cdevice.obj
 0001:00000460       ??_7CHub@@6B@              10001460     hcdlib:cdevice.obj
 0001:000004b8       ??_7CRootHub@@6B@          100014b8     hcdlib:cdevice.obj
 0001:00000510       ??_7CExternalHub@@6B@      10001510     hcdlib:cdevice.obj
 0001:00000568       ??_7CFunction@@6B@         10001568     hcdlib:cdevice.obj
 0001:000005a0       ??_C@_1GE@OKHKLFOB@?$AAS?$AAE?$AAT?$AA?5?$AAF?$AAE?$AAA?$AAT?$AAU?$AAR?$AAE?$AA?5?$AAU?$AAS?$AAB?$AA_?$AAF?$AAE?$AAA?$AAT?$AAU?$AAR?$AAE?$AA_?$AAB?$AA_?$AAH?$AAN?$AAP?$AA_?$AAE?$AAN@ 100015a0     hcdlib:cdevice.obj
 0001:00000608       ??_C@_1KO@DBPBLAEA@?$AA?$CB?$AA?$CB?$AA?$CB?$AAC?$AAF?$AAu?$AAn?$AAc?$AAt?$AAi?$AAo?$AAn?$AA?$CI?$AA?5?$AAt?$AAi?$AAe?$AAr?$AA?5?$AA?$CF?$AAd?$AA?$CJ?$AA?3?$AA?3?$AAR?$AAe?$AAs?$AAe?$AAt?$AAP?$AAi?$AAp@ 10001608     hcdlib:cdevice.obj
 0001:000006b8       ??_C@_1II@HDIFDMNL@?$AA?$CB?$AAU?$AAS?$AAB?$AA?5?$AAw?$AAa?$AAr?$AAn?$AAi?$AAn?$AAg?$AA?3?$AA?5?$AAc?$AAa?$AAn?$AAn?$AAo?$AAt?$AA?5?$AAa?$AAt?$AAt?$AAa?$AAc?$AAh?$AA?5?$AAh?$AAi?$AAg?$AAh@ 100016b8     hcdlib:cdevice.obj
 0001:00000740       ??_C@_1HE@DLPCNLDH@?$AA?$CB?$AAC?$AAH?$AAu?$AAb?$AA?3?$AA?3?$AAA?$AAt?$AAt?$AAa?$AAc?$AAh?$AAD?$AAe?$AAv?$AAi?$AAc?$AAe?$AA?5?$AAw?$AAa?$AAr?$AAn?$AAi?$AAn?$AAg?$AA?3?$AA?5?$AAi?$AAn?$AAv@ 10001740     hcdlib:cdevice.obj
 0001:000007b8       ??_C@_1HK@HGAGGCPB@?$AAU?$AAS?$AAB?$AA?5?$AAs?$AAp?$AAe?$AAc?$AAi?$AAf?$AAi?$AAc?$AAa?$AAt?$AAi?$AAo?$AAn?$AA?5?$AAd?$AAo?$AAe?$AAs?$AA?5?$AAn?$AAo?$AAt?$AA?5?$AAa?$AAl?$AAl?$AAo?$AAw@ 100017b8     hcdlib:cdevice.obj
 0001:00000838       ??_C@_1IM@DCJHGIOD@?$AAC?$AAH?$AAu?$AAb?$AA?$CI?$AAt?$AAi?$AAe?$AAr?$AA?5?$AA?$CF?$AAd?$AA?$CJ?$AA?3?$AA?3?$AAH?$AAu?$AAb?$AAS?$AAt?$AAa?$AAt?$AAu?$AAs?$AAC?$AAh?$AAa?$AAn?$AAg?$AAe?$AAT?$AAh@ 10001838     hcdlib:cdevice.obj
 0001:000008c8       ??_7COhcd@@6B@             100018c8     ohcdmdd2:cohcd.obj
 0001:00000928       ??_7CPipeAbs@@6B@          10001928     ohcdmdd2:cpipe.obj
 0001:00000948       ??_C@_1MG@EFJIHDPK@?$AAO?$AAH?$AAC?$AAI?$AA?3?$AA?5?$AAC?$AAH?$AAC?$AAC?$AAA?$AAe?$AAr?$AAa?$AA?3?$AA?3?$AAS?$AAi?$AAg?$AAn?$AAa?$AAl?$AAC?$AAh?$AAe?$AAc?$AAk?$AAF?$AAo?$AAr?$AAD?$AAo@ 10001948     ohcdmdd2:cpipe.obj
 0001:00000a10       ??_7CPipe@@6B@             10001a10     ohcdmdd2:cpipe.obj
 0001:00000a50       ??_7CQueuedPipe@@6B@       10001a50     ohcdmdd2:cpipe.obj
 0001:00000a98       ??_7CBulkPipe@@6B@         10001a98     ohcdmdd2:cpipe.obj
 0001:00000ae0       ??_7CControlPipe@@6B@      10001ae0     ohcdmdd2:cpipe.obj
 0001:00000b28       ??_7CInterruptPipe@@6B@    10001b28     ohcdmdd2:cpipe.obj
 0001:00000b70       ??_7CIsochronousPipe@@6B@  10001b70     ohcdmdd2:cpipe.obj
 0001:00000bb0       ??_7CHW@@6B@               10001bb0     ohcdmdd2:chw.obj
 0001:00000c10       ??_C@_1LC@EPNFIBFE@?$AAH?$AAC?$AAD?$AA?5?$AAI?$AAS?$AAT?$AA?3?$AA?5?$AAc?$AAa?$AAn?$AAn?$AAo?$AAt?$AA?5?$AAs?$AAp?$AAi?$AAn?$AA?5?$AAa?$AA?5?$AAn?$AAe?$AAw?$AA?5?$AAt?$AAh?$AAr?$AAe?$AAa@ 10001c10     ohcdmdd2:chw.obj
 0001:00000cc8       ??_C@_1GG@EJFFHPJG@?$AAC?$AAH?$AAW?$AA?3?$AA?3?$AAI?$AAn?$AAi?$AAt?$AAi?$AAa?$AAl?$AAi?$AAz?$AAe?$AA?5?$AA?9?$AA?5?$AAS?$AAM?$AAM?$AA?5?$AAA?$AAc?$AAt?$AAi?$AAv?$AAe?$AA?0?$AA?5?$AAC?$AAa@ 10001cc8     ohcdmdd2:chw.obj
 0001:00000d54       HcdPdd_DllMain             10001d54 f   2440_ohci.obj
 0001:00000d5c       ConfigureOHCICard          10001d5c f   2440_ohci.obj
 0001:000011b0       HcdPdd_Init                100021b0 f   2440_ohci.obj
 0001:0000123c       HcdPdd_CheckConfigPower    1000223c f   2440_ohci.obj
 0001:00001250       HcdPdd_PowerUp             10002250 f   2440_ohci.obj
 0001:00001264       HcdPdd_PowerDown           10002264 f   2440_ohci.obj
 0001:00001278       HcdPdd_Deinit              10002278 f   2440_ohci.obj
 0001:0000130c       HcdPdd_Open                1000230c f   2440_ohci.obj
 0001:00001314       HcdPdd_Close               10002314 f   2440_ohci.obj
 0001:0000131c       HcdPdd_Read                1000231c f   2440_ohci.obj
 0001:00001324       HcdPdd_Write               10002324 f   2440_ohci.obj
 0001:0000132c       HcdPdd_Seek                1000232c f   2440_ohci.obj
 0001:00001334       HcdPdd_IOControl           10002334 f   2440_ohci.obj
 0001:0000133c       HcdPdd_InitiatePowerUp     1000233c f   2440_ohci.obj
 0001:00001340       DllMain                    10002340 f   hcdlib:hcddrv.obj
 0001:0000155c       HcdMdd_CreateHcdObject     1000255c f   hcdlib:hcddrv.obj
 0001:000015c0       HcdMdd_DestroyHcdObject    100025c0 f   hcdlib:hcddrv.obj
 0001:000015e8       HcdMdd_DestroyMemoryObject 100025e8 f   hcdlib:hcddrv.obj
 0001:00001610       HcdMdd_PowerUp             10002610 f   hcdlib:hcddrv.obj
 0001:00001634       HcdMdd_PowerDown           10002634 f   hcdlib:hcddrv.obj
 0001:00001660       HCD_Init                   10002660 f   hcdlib:hcddrv.obj
 0001:000017a4       HCD_PowerUp                100027a4 f   hcdlib:hcddrv.obj
 0001:000017b4       HCD_PowerDown              100027b4 f   hcdlib:hcddrv.obj
 0001:000017c4       HCD_Deinit                 100027c4 f   hcdlib:hcddrv.obj
 0001:000017d4       HCD_Open                   100027d4 f   hcdlib:hcddrv.obj
 0001:000017e4       HCD_Close                  100027e4 f   hcdlib:hcddrv.obj
 0001:000017f4       HCD_Read                   100027f4 f   hcdlib:hcddrv.obj
 0001:00001804       HCD_Write                  10002804 f   hcdlib:hcddrv.obj
 0001:00001814       HCD_Seek                   10002814 f   hcdlib:hcddrv.obj
 0001:00001824       HCD_IOControl              10002824 f   hcdlib:hcddrv.obj
 0001:00001854       HcdMdd_CreateMemoryObject  10002854 f   hcdlib:hcddrv.obj
 0001:000018d4       ??1CHcd@@UAA@XZ            100028d4 f   hcdlib:hcd.obj
 0001:00001954       ?WaitForPortStatusChange@CHcd@@UAAHPAX@Z 10002954 f i hcdlib:hcd.obj
 0001:0000195c       ?SuspendHC@CHcd@@UAAHXZ    1000295c f i hcdlib:hcd.obj
 0001:00001964       ?ResumeNotification@CHcd@@MAAHXZ 10002964 f i hcdlib:hcd.obj
 0001:000019b4       ?SetRootHub@CHcd@@QAAPAVCRootHub@@PAV2@@Z 100029b4 f   hcdlib:hcd.obj
 0001:000019e4       ?OpenPipe@CHcd@@QAAHIPBU_USB_ENDPOINT_DESCRIPTOR@@PAI@Z 100029e4 f   hcdlib:hcd.obj
 0001:00001a74       ?ClosePipe@CHcd@@QAAHII@Z  10002a74 f   hcdlib:hcd.obj
 0001:00001ad4       ?IssueTransfer@CHcd@@QAAHIIP6AKPAX@Z0KPBXKKPBKK0K2PAK4PAH44@Z 10002ad4 f   hcdlib:hcd.obj
 0001:00001bd0       ?AbortTransfer@CHcd@@QAAHIIP6AKPAX@Z0PBX@Z 10002bd0 f   hcdlib:hcd.obj
 0001:00001c50       ?IsPipeHalted@CHcd@@QAAHIIPAH@Z 10002c50 f   hcdlib:hcd.obj
 0001:00001cc0       ?ResetPipe@CHcd@@QAAHII@Z  10002cc0 f   hcdlib:hcd.obj
 0001:00001d20       ?DisableDevice@CHcd@@UAAHIH@Z 10002d20 f   hcdlib:hcd.obj
 0001:00001d80       ?SuspendResume@CHcd@@UAAHIH@Z 10002d80 f   hcdlib:hcd.obj
 0001:00001de0       ?BusChildIoControl@CHcd@@QAAHKPAXK@Z 10002de0 f   hcdlib:hcd.obj
 0001:00001e10       ?GetOTGCapabilityBits@CHcd@@QAAEXZ 10002e10 f   hcdlib:hcd.obj
 0001:00001e68       ??0CHcd@@QAA@XZ            10002e68 f   hcdlib:hcd.obj
 0001:00001edc       ??_GCHcd@@UAAPAXI@Z        10002edc f i hcdlib:hcd.obj
 0001:00001edc       ??_ECHcd@@UAAPAXI@Z        10002edc f i hcdlib:hcd.obj
 0001:00001f04       ?CreateNewNode@CPhysMem@@AAAPAUtMEMLIST@@KKK@Z 10002f04 f   hcdlib:cphysmem.obj
 0001:00001f84       ?FindFreeBlock@CPhysMem@@AAAPAUtMEMLIST@@KH@Z 10002f84 f   hcdlib:cphysmem.obj
 0001:00001ff8       ?AddNodeToFreeList@CPhysMem@@AAAHPAUtMEMLIST@@H@Z 10002ff8 f   hcdlib:cphysmem.obj
 0001:00002190       ?FreeList@CPhysMem@@AAAHPAPAUtMEMLIST@@@Z 10003190 f   hcdlib:cphysmem.obj
 0001:000021e0       ?AllocateSpecialMemory@CPhysMem@@QAAHKQAPAE@Z 100031e0 f   hcdlib:cphysmem.obj
 0001:00002200       ?AllocateMemory@CPhysMem@@QAAHKQAPAEKPAH@Z 10003200 f   hcdlib:cphysmem.obj
 0001:00002374       ?FreeMemory@CPhysMem@@QAAXQAEKK@Z 10003374 f   hcdlib:cphysmem.obj
 0001:0000245c       ?ReInit@CPhysMem@@QAAXXZ   1000345c f   hcdlib:cphysmem.obj
 0001:00002644       ??1CPhysMem@@QAA@XZ        10003644 f   hcdlib:cphysmem.obj
 0001:000026b0       ??0CPhysMem@@QAA@KKPAE0@Z  100036b0 f   hcdlib:cphysmem.obj
 0001:00002834       ??0CDeviceGlobal@@QAA@XZ   10003834 f   hcdlib:cdevice.obj
 0001:00002890       ?Initialize@CDeviceGlobal@@QAAHPAX@Z 10003890 f   hcdlib:cdevice.obj
 0001:00002978       ?DeInitialize@CDeviceGlobal@@QAAXXZ 10003978 f   hcdlib:cdevice.obj
 0001:000029f0       ?ReserveAddress@CDeviceGlobal@@QAAHAAE@Z 100039f0 f   hcdlib:cdevice.obj
 0001:00002a78       ?FreeAddress@CDeviceGlobal@@QAAXE@Z 10003a78 f   hcdlib:cdevice.obj
 0001:00002abc       ?TransferDoneCallbackSetEvent@CDevice@@KAKPAX@Z 10003abc f   hcdlib:cdevice.obj
 0001:00002ad4       ??0CDevice@@QAA@EABU_USB_DEVICE_INFO@@HEQAVCDeviceGlobal@@QAVCHub@@@Z 10003ad4 f   hcdlib:cdevice.obj
 0001:00002b48       ?OTGSwitchRoleEnable@CDevice@@UAA?AW4HCD_REQUEST_STATUS@@I@Z 10003b48 f i hcdlib:cdevice.obj
 0001:00002b50       ?ResumeNotification@CDevice@@UAAHXZ 10003b50 f i hcdlib:cdevice.obj
 0001:00002b58       ?DeleteUsbConfigurationStructure@CDevice@@QBAXAAU_NON_CONST_USB_CONFIGURATION@@@Z 10003b58 f   hcdlib:cdevice.obj
 0001:00002c08       ?AllocatePipeArray@CDevice@@IAAHXZ 10003c08 f   hcdlib:cdevice.obj
 0001:00002cd4       ?DisableDevice@CDevice@@UAA?AW4HCD_REQUEST_STATUS@@IH@Z 10003cd4 f   hcdlib:cdevice.obj
 0001:00002d0c       ?SuspendResume@CDevice@@UAA?AW4HCD_REQUEST_STATUS@@IH@Z 10003d0c f   hcdlib:cdevice.obj
 0001:00002d74       ?GetDescriptor@CHub@@IAAHQAVCPipeAbs@@EEEGPAXK@Z 10003d74 f   hcdlib:cdevice.obj
 0001:00002f48       ?DetachDownstreamDeviceThread@CHub@@IAAKXZ 10003f48 f   hcdlib:cdevice.obj
 0001:00002fac       ?AllocateDeviceArray@CHub@@IAAHXZ 10003fac f   hcdlib:cdevice.obj
 0001:00003000       ?HandleDetach@CHub@@UAAXXZ 10004000 f   hcdlib:cdevice.obj
 0001:00003174       ?OpenPipe@CHub@@UAA?AW4HCD_REQUEST_STATUS@@IQBU_USB_ENDPOINT_DESCRIPTOR@@QAI@Z 10004174 f   hcdlib:cdevice.obj
 0001:00003208       ?ClosePipe@CHub@@UAA?AW4HCD_REQUEST_STATUS@@II@Z 10004208 f   hcdlib:cdevice.obj
 0001:00003294       ?IssueTransfer@CHub@@UAA?AW4HCD_REQUEST_STATUS@@IIQ6AKPAX@ZQAXKQBXKKQBKK2K3QAK5QAH55@Z 10004294 f   hcdlib:cdevice.obj
 0001:000033ac       ?AbortTransfer@CHub@@UAA?AW4HCD_REQUEST_STATUS@@IIQ6AKPAX@ZQAXQBX@Z 100043ac f   hcdlib:cdevice.obj
 0001:00003458       ?IsPipeHalted@CHub@@UAA?AW4HCD_REQUEST_STATUS@@IIQAH@Z 10004458 f   hcdlib:cdevice.obj
 0001:000034ec       ?ResetPipe@CHub@@UAA?AW4HCD_REQUEST_STATUS@@II@Z 100044ec f   hcdlib:cdevice.obj
 0001:00003578       ?DisableDevice@CHub@@UAA?AW4HCD_REQUEST_STATUS@@IH@Z 10004578 f   hcdlib:cdevice.obj
 0001:00003618       ?SuspendResume@CHub@@UAA?AW4HCD_REQUEST_STATUS@@IH@Z 10004618 f   hcdlib:cdevice.obj
 0001:000036b8       ?SuspendResumeOffStreamDevice@CHub@@UAAHIH@Z 100046b8 f   hcdlib:cdevice.obj
 0001:0000377c       ?PowerAllHubPorts@CRootHub@@EAAHXZ 1000477c f   hcdlib:cdevice.obj
 0001:00003784       ?WaitForPortStatusChange@CRootHub@@EAAHAAEAAU_USB_HUB_AND_PORT_STATUS@@@Z 10004784 f   hcdlib:cdevice.obj
 0001:00003a6c       ?GetStatus@CRootHub@@EAAHEAAU_USB_HUB_AND_PORT_STATUS@@@Z 10004a6c f   hcdlib:cdevice.obj
 0001:00003a8c       ?ResetAndEnablePort@CRootHub@@EAAHE@Z 10004a8c f   hcdlib:cdevice.obj
 0001:00003ae0       ?DisablePort@CRootHub@@EAAXE@Z 10004ae0 f   hcdlib:cdevice.obj
 0001:00003b00       ?SetOrClearFeature@CRootHub@@EAAHGEG@Z 10004b00 f   hcdlib:cdevice.obj
 0001:00003b24       ?SetOrClearRemoteWakup@CRootHub@@EAAHH@Z 10004b24 f   hcdlib:cdevice.obj
 0001:00003b2c       ?OTGSwitchRoleEnable@CRootHub@@UAA?AW4HCD_REQUEST_STATUS@@I@Z 10004b2c f   hcdlib:cdevice.obj
 0001:00003bcc       ?PowerAllHubPorts@CExternalHub@@EAAHXZ 10004bcc f   hcdlib:cdevice.obj
 0001:00003c60       ?GetStatusChangeBitmap@CExternalHub@@AAAHAAK@Z 10004c60 f   hcdlib:cdevice.obj
 0001:00003df0       ?WaitForPortStatusChange@CExternalHub@@EAAHAAEAAU_USB_HUB_AND_PORT_STATUS@@@Z 10004df0 f   hcdlib:cdevice.obj
 0001:00003f18       ?GetStatus@CExternalHub@@EAAHEAAU_USB_HUB_AND_PORT_STATUS@@@Z 10004f18 f   hcdlib:cdevice.obj
 0001:00004070       ?ResetAndEnablePort@CExternalHub@@EAAHE@Z 10005070 f   hcdlib:cdevice.obj
 0001:000041a0       ?DisablePort@CExternalHub@@EAAXE@Z 100051a0 f   hcdlib:cdevice.obj
 0001:000041d8       ?SetOrClearFeature@CExternalHub@@EAAHGEG@Z 100051d8 f   hcdlib:cdevice.obj
 0001:00004324       ?SetOrClearRemoteWakup@CExternalHub@@EAAHH@Z 10005324 f   hcdlib:cdevice.obj
 0001:00004478       ?OpenPipe@CFunction@@UAA?AW4HCD_REQUEST_STATUS@@IQBU_USB_ENDPOINT_DESCRIPTOR@@QAI@Z 10005478 f   hcdlib:cdevice.obj
 0001:000046d8       ?ClosePipe@CFunction@@UAA?AW4HCD_REQUEST_STATUS@@II@Z 100056d8 f   hcdlib:cdevice.obj
 0001:00004778       ?IssueTransfer@CFunction@@UAA?AW4HCD_REQUEST_STATUS@@IIQ6AKPAX@ZQAXKQBXKKQBKK2K3QAK5QAH55@Z 10005778 f   hcdlib:cdevice.obj
 0001:000048b8       ?AbortTransfer@CFunction@@UAA?AW4HCD_REQUEST_STATUS@@IIQ6AKPAX@ZQAXQBX@Z 100058b8 f   hcdlib:cdevice.obj
 0001:0000493c       ?IsPipeHalted@CFunction@@UAA?AW4HCD_REQUEST_STATUS@@IIQAH@Z 1000593c f   hcdlib:cdevice.obj
 0001:000049ec       ?HandleDetach@CFunction@@EAAXXZ 100059ec f   hcdlib:cdevice.obj
 0001:00004ae8       ?SetOrClearFeature@CFunction@@AAAHEGEG@Z 10005ae8 f   hcdlib:cdevice.obj
 0001:00004c90       ?OTGSwitchRoleEnable@CFunction@@UAA?AW4HCD_REQUEST_STATUS@@I@Z 10005c90 f   hcdlib:cdevice.obj
 0001:00004ce4       ??1CDeviceGlobal@@QAA@XZ   10005ce4 f   hcdlib:cdevice.obj
 0001:00004d10       ??1CDevice@@UAA@XZ         10005d10 f   hcdlib:cdevice.obj
 0001:00004da8       ?CreateUsbConfigurationStructure@CDevice@@QBAHAAU_NON_CONST_USB_CONFIGURATION@@QAEI@Z 10005da8 f   hcdlib:cdevice.obj
 0001:0000511c       ??0CHub@@QAA@EABU_USB_DEVICE_INFO@@HEABU_USB_HUB_DESCRIPTOR@@QAVCHcd@@QAV0@@Z 1000611c f   hcdlib:cdevice.obj
 0001:000051e0       ?ResumeNotification@CHub@@UAAHXZ 100061e0 f i hcdlib:cdevice.obj
 0001:00005204       ??1CHub@@UAA@XZ            10006204 f   hcdlib:cdevice.obj
 0001:00005258       ?DetachDownstreamDeviceThreadStub@CHub@@KAKPAX@Z 10006258 f   hcdlib:cdevice.obj
 0001:00005268       ?DetachDevice@CHub@@IAAXE@Z 10006268 f   hcdlib:cdevice.obj
 0001:00005378       ??0CRootHub@@QAA@ABU_USB_DEVICE_INFO@@HABU_USB_HUB_DESCRIPTOR@@QAVCHcd@@@Z 10006378 f   hcdlib:cdevice.obj
 0001:000053cc       ??0CExternalHub@@QAA@EABU_USB_DEVICE_INFO@@HEABU_USB_HUB_DESCRIPTOR@@QAVCHcd@@QAVCHub@@@Z 100063cc f   hcdlib:cdevice.obj
 0001:00005418       ??0CFunction@@QAA@EABU_USB_DEVICE_INFO@@HEQAVCHcd@@QAVCHub@@@Z 10006418 f   hcdlib:cdevice.obj
 0001:00005490       ?EnterOperationalState@CFunction@@UAAHQAVCPipeAbs@@@Z 10006490 f   hcdlib:cdevice.obj
 0001:000055c8       ?ResetPipe@CFunction@@UAA?AW4HCD_REQUEST_STATUS@@II@Z 100065c8 f   hcdlib:cdevice.obj
 0001:000056a0       ??_GCDevice@@UAAPAXI@Z     100066a0 f i hcdlib:cdevice.obj
 0001:000056a0       ??_ECDevice@@UAAPAXI@Z     100066a0 f i hcdlib:cdevice.obj
 0001:000056c8       ??_GCHub@@UAAPAXI@Z        100066c8 f i hcdlib:cdevice.obj
 0001:000056c8       ??_ECHub@@UAAPAXI@Z        100066c8 f i hcdlib:cdevice.obj
 0001:000056f8       ?AttachDevice@CHub@@IAAXEH@Z 100066f8 f   hcdlib:cdevice.obj
 0001:00006358       ?DisableOffStreamDevice@CHub@@UAAHIH@Z 10007358 f   hcdlib:cdevice.obj
 0001:00006438       ??_GCRootHub@@UAAPAXI@Z    10007438 f i hcdlib:cdevice.obj
 0001:00006438       ??_ECRootHub@@UAAPAXI@Z    10007438 f i hcdlib:cdevice.obj
 0001:0000646c       ??_GCExternalHub@@UAAPAXI@Z 1000746c f i hcdlib:cdevice.obj
 0001:0000646c       ??_ECExternalHub@@UAAPAXI@Z 1000746c f i hcdlib:cdevice.obj
 0001:000064a0       ??_GCFunction@@UAAPAXI@Z   100074a0 f i hcdlib:cdevice.obj
 0001:000064a0       ??_ECFunction@@UAAPAXI@Z   100074a0 f i hcdlib:cdevice.obj
 0001:000064d4       ?HubStatusChangeThread@CHub@@AAAKXZ 100074d4 f   hcdlib:cdevice.obj
 0001:00006958       ?HubStatusChangeThreadStub@CHub@@KAKPAX@Z 10007958 f   hcdlib:cdevice.obj
 0001:00006968       ?EnterOperationalState@CRootHub@@UAAHQAVCPipeAbs@@@Z 10007968 f   hcdlib:cdevice.obj
 0001:00006a2c       ?EnterOperationalState@CExternalHub@@UAAHQAVCPipeAbs@@@Z 10007a2c f   hcdlib:cdevice.obj
 0001:00006b98       ?EnterCritSec_Ex@CritSec_Ex@@QAA?AW4e_CritSec_Status@@K@Z 10007b98 f   hcdlib:sync.obj
 0001:00006cc4       ?LeaveCritSec_Ex@CritSec_Ex@@QAAXXZ 10007cc4 f   hcdlib:sync.obj
 0001:00006d04       ?Initialize@CritSec_Ex@@QAAXXZ 10007d04 f   hcdlib:sync.obj
 0001:00006d38       ?PrepareDeleteCritSec_Ex@CritSec_Ex@@QAAXXZ 10007d38 f   hcdlib:sync.obj
 0001:00006d88       ??1CritSec_Ex@@QAA@XZ      10007d88 f   hcdlib:sync.obj
 0001:00006df4       ??0Countdown@@QAA@K@Z      10007df4 f   hcdlib:sync.obj
 0001:00006e3c       ?IncrCountdown@Countdown@@QAAHXZ 10007e3c f   hcdlib:sync.obj
 0001:00006e8c       ?DecrCountdown@Countdown@@QAAXXZ 10007e8c f   hcdlib:sync.obj
 0001:00006ec0       ?WaitForCountdown@Countdown@@QAAXH@Z 10007ec0 f   hcdlib:sync.obj
 0001:00006ef8       ??1Countdown@@QAA@XZ       10007ef8 f   hcdlib:sync.obj
 0001:00006f20       ??0CritSec_Ex@@QAA@XZ      10007f20 f   hcdlib:sync.obj
 0001:00006f74       RegCloseKey                10007f74 f   coredll:COREDLL.dll
 0001:00006f84       RegQueryValueExW           10007f84 f   coredll:COREDLL.dll
 0001:00006f94       RegOpenKeyExW              10007f94 f   coredll:COREDLL.dll
 0001:00006fa4       FreeIntChainHandler        10007fa4 f   coredll:COREDLL.dll
 0001:00006fb4       KernelLibIoControl         10007fb4 f   coredll:COREDLL.dll
 0001:00006fc4       LoadIntChainHandler        10007fc4 f   coredll:COREDLL.dll
 0001:00006fd4       DDKReg_GetIsrInfo          10007fd4 f   coredll:COREDLL.dll
 0001:00006fe4       DDKReg_GetWindowInfo       10007fe4 f   coredll:COREDLL.dll
 0001:00006ff4       DeleteCriticalSection      10007ff4 f   coredll:COREDLL.dll
 0001:00007004       InitializeCriticalSection  10008004 f   coredll:COREDLL.dll
 0001:00007014       DisableThreadLibraryCalls  10008014 f   coredll:COREDLL.dll
 0001:00007024       OpenDeviceKey              10008024 f   coredll:COREDLL.dll
 0001:00007034       LeaveCriticalSection       10008034 f   coredll:COREDLL.dll
 0001:00007044       EnterCriticalSection       10008044 f   coredll:COREDLL.dll
 0001:00007054       SetLastError               10008054 f   coredll:COREDLL.dll
 0001:00007064       EventModify                10008064 f   coredll:COREDLL.dll
 0001:00007074       LocalAlloc                 10008074 f   coredll:COREDLL.dll
 0001:00007084       LocalFree                  10008084 f   coredll:COREDLL.dll
 0001:00007094       WaitForSingleObject        10008094 f   coredll:COREDLL.dll
 0001:000070a4       FreePhysMem                100080a4 f   coredll:COREDLL.dll
 0001:000070b4       CloseHandle                100080b4 f   coredll:COREDLL.dll
 0001:000070c4       CreateEventW               100080c4 f   coredll:COREDLL.dll
 0001:000070d4       AllocPhysMem               100080d4 f   coredll:COREDLL.dll
 0001:000070e4       GetProcAddressW            100080e4 f   coredll:COREDLL.dll
 0001:000070f4       LoadDriver                 100080f4 f   coredll:COREDLL.dll
 0001:00007104       FreeLibrary                10008104 f   coredll:COREDLL.dll
 0001:00007114       Sleep                      10008114 f   coredll:COREDLL.dll
 0001:00007124       GetTickCount               10008124 f   coredll:COREDLL.dll
 0001:00007134       WaitForMultipleObjects     10008134 f   coredll:COREDLL.dll
 0001:00007144       NKDbgPrintfW               10008144 f   coredll:COREDLL.dll
 0001:00007154       CeGetThreadPriority        10008154 f   coredll:COREDLL.dll
 0001:00007164       CeSetThreadPriority        10008164 f   coredll:COREDLL.dll
 0001:00007174       CreateThread               10008174 f   coredll:COREDLL.dll
 0001:00007184       __GetUserKData             10008184 f   coredll:COREDLL.dll
 0001:00007194       RaiseException             10008194 f   coredll:COREDLL.dll
 0001:000071a4       BusTransBusAddrToVirtual   100081a4 f   ceddk:CEDDK.dll
 0001:000071b4       HalFreeCommonBuffer        100081b4 f   ceddk:CEDDK.dll
 0001:000071c4       HalAllocateCommonBuffer    100081c4 f   ceddk:CEDDK.dll
 0001:000071d4       BusTransBusAddrToStatic    100081d4 f   ceddk:CEDDK.dll
 0001:000071e4       CloseBusAccessHandle       100081e4 f   ceddk:CEDDK.dll
 0001:000071f4       CreateBusAccessHandle      100081f4 f   ceddk:CEDDK.dll
 0001:00007204       BusChildIoControl          10008204 f   ceddk:CEDDK.dll
 0001:00007214       __GSHandlerCheckCommon     10008214 f   corelib0:gshandler.obj
 0001:00007250       __GSHandlerCheck           10008250 f   corelib0:gshandler.obj
 0001:00007274       __security_check_cookie    10008274 f   corelib0:armsecgs.obj
 0001:00007288       __gsfailure                10008288 f   corelib0:armsecgs.obj
 0001:000072cc       wcsncpy                    100082cc f   corelib1:COREDLL.dll
 0001:000072dc       free                       100082dc f   corelib1:COREDLL.dll
 0001:000072ec       malloc                     100082ec f   corelib1:COREDLL.dll
 0001:000072fc       ??3@YAXPAX@Z               100082fc f   corelib1:COREDLL.dll
 0001:0000730c       ??2@YAPAXI@Z               1000830c f   corelib1:COREDLL.dll
 0001:0000731c       _purecall                  1000831c f   corelib1:COREDLL.dll
 0001:0000732c       memset                     1000832c f   corelib1:COREDLL.dll
 0001:0000733c       memcpy                     1000833c f   corelib1:COREDLL.dll
 0001:0000734c       ??_V@YAXPAX@Z              1000834c f   corelib1:COREDLL.dll
 0001:0000735c       ??_U@YAPAXI@Z              1000835c f   corelib1:COREDLL.dll
 0001:0000736c       memcmp                     1000836c f   corelib1:COREDLL.dll
 0001:0000737c       __C_specific_handler       1000837c f   corelib1:COREDLL.dll
 0001:0000738c       __report_gsfailure         1000838c f   corelib1:COREDLL.dll
 0001:0000739c       ??0COhcd@@QAA@PAXPAVCPhysMem@@PBGRAEK@Z 1000839c f   ohcdmdd2:cohcd.obj
 0001:000073f4       ?GetNumberOfDownStreamPort@CHW@@UAAEXZ 100083f4 f i ohcdmdd2:cohcd.obj
 0001:00007404       ?GetCapability@CHW@@UAAKXZ 10008404 f i ohcdmdd2:cohcd.obj
 0001:0000740c       ?SignalCheckForDoneTransfers@COhcd@@UAAXK@Z 1000840c f i ohcdmdd2:cohcd.obj
 0001:00007420       ??1COhcd@@UAA@XZ           10008420 f   ohcdmdd2:cohcd.obj
 0001:00007490       ?DeviceDeInitialize@COhcd@@UAAXXZ 10008490 f   ohcdmdd2:cohcd.obj
 0001:00007504       ?DeviceInitialize@COhcd@@UAAHXZ 10008504 f   ohcdmdd2:cohcd.obj
 0001:00007648       ?CreateHCDObject@@YAPAVCHcd@@PAXPAVCPhysMem@@PBGRAEK@Z 10008648 f   ohcdmdd2:cohcd.obj
 0001:000076a8       ??_GCOhcd@@UAAPAXI@Z       100086a8 f i ohcdmdd2:cohcd.obj
 0001:000076a8       ??_ECOhcd@@UAAPAXI@Z       100086a8 f i ohcdmdd2:cohcd.obj
 0001:000076d0       ?ChangeMaxPacketSize@CPipeAbs@@UAAXG@Z 100086d0 f i ohcdmdd2:cpipe.obj
 0001:000076d4       ??_ECPipeAbs@@UAAPAXI@Z    100086d4 f i ohcdmdd2:cpipe.obj
 0001:000076d4       ??_GCPipeAbs@@UAAPAXI@Z    100086d4 f i ohcdmdd2:cpipe.obj
 0001:000076fc       ??0CHCCAera@@QAA@QAVCPhysMem@@@Z 100086fc f   ohcdmdd2:cpipe.obj
 0001:00007744       ?DeInitialize@CHCCAera@@QAAXXZ 10008744 f   ohcdmdd2:cpipe.obj
 0001:000077b0       ?SignalCheckForDoneTransfers@CHCCAera@@QAAXK@Z 100087b0 f   ohcdmdd2:cpipe.obj
 0001:00007868       ?CheckForDoneTransfersThread@CHCCAera@@AAAKXZ 10008868 f   ohcdmdd2:cpipe.obj
 0001:000078f0       ??0CPipe@@QAA@QBU_USB_ENDPOINT_DESCRIPTOR@@HEQAVCOhcd@@@Z 100088f0 f   ohcdmdd2:cpipe.obj
 0001:0000796c       ?GetType@CPipe@@UAA?AW4PIPE_TYPE@@XZ 1000896c f i ohcdmdd2:cpipe.obj
 0001:00007974       ?IsPipeHalted@CPipe@@UAA?AW4HCD_REQUEST_STATUS@@QAH@Z 10008974 f   ohcdmdd2:cpipe.obj
 0001:000079a8       ?ClearHaltedFlag@CPipe@@UAAXXZ 100089a8 f   ohcdmdd2:cpipe.obj
 0001:000079f0       ?GetMemoryAllocationFlags@CPipe@@MBAKXZ 100089f0 f   ohcdmdd2:cpipe.obj
 0001:000079f8       ??0CQueuedPipe@@QAA@QBU_USB_ENDPOINT_DESCRIPTOR@@HEQAVCOhcd@@@Z 100089f8 f   ohcdmdd2:cpipe.obj
 0001:00007a54       ?GetTdSize@CQueuedPipe@@UBA?BHXZ 10008a54 f i ohcdmdd2:cpipe.obj
 0001:00007a5c       ??1CQueuedPipe@@UAA@XZ     10008a5c f   ohcdmdd2:cpipe.obj
 0001:00007a9c       ?IssueTransfer@CQueuedPipe@@UAA?AW4HCD_REQUEST_STATUS@@EQ6AKPAX@ZQAXKQBXKKQBKK2K3QAK5QAH55@Z 10008a9c f   ohcdmdd2:cpipe.obj
 0001:00007c54       ?AbortTransfer@CQueuedPipe@@UAA?AW4HCD_REQUEST_STATUS@@Q6AKPAX@ZQAXPBX@Z 10008c54 f   ohcdmdd2:cpipe.obj
 0001:00007e80       ?CheckForDoneTransfers@CQueuedPipe@@UAAHTTDLINK@@@Z 10008e80 f   ohcdmdd2:cpipe.obj
 0001:000080f4       ?UpdateInterruptQHTreeLoad@CQueuedPipe@@MAAXEH@Z 100090f4 f   ohcdmdd2:cpipe.obj
 0001:000080f8       ?GetType@CBulkPipe@@UAA?AW4PIPE_TYPE@@XZ 100090f8 f i ohcdmdd2:cpipe.obj
 0001:00008100       ?OpenPipe@CBulkPipe@@UAA?AW4HCD_REQUEST_STATUS@@XZ 10009100 f   ohcdmdd2:cpipe.obj
 0001:000082d0       ?GetListHead@CBulkPipe@@EAAPAKH@Z 100092d0 f   ohcdmdd2:cpipe.obj
 0001:000082fc       ?UpdateListControl@CBulkPipe@@UAAXHH@Z 100092fc f   ohcdmdd2:cpipe.obj
 0001:0000831c       ?AreTransferParametersValid@CBulkPipe@@EBAHPBUSTRANSFER@@@Z 1000931c f   ohcdmdd2:cpipe.obj
 0001:0000837c       ?ScheduleTransfer@CBulkPipe@@EAA?AW4HCD_REQUEST_STATUS@@XZ 1000937c f   ohcdmdd2:cpipe.obj
 0001:0000844c       ?GetType@CControlPipe@@UAA?AW4PIPE_TYPE@@XZ 1000944c f i ohcdmdd2:cpipe.obj
 0001:00008454       ?OpenPipe@CControlPipe@@UAA?AW4HCD_REQUEST_STATUS@@XZ 10009454 f   ohcdmdd2:cpipe.obj
 0001:00008624       ?ChangeMaxPacketSize@CControlPipe@@UAAXG@Z 10009624 f   ohcdmdd2:cpipe.obj
 0001:00008734       ?GetListHead@CControlPipe@@EAAPAKH@Z 10009734 f   ohcdmdd2:cpipe.obj
 0001:00008760       ?UpdateListControl@CControlPipe@@UAAXHH@Z 10009760 f   ohcdmdd2:cpipe.obj
 0001:00008780       ?AreTransferParametersValid@CControlPipe@@EBAHPBUSTRANSFER@@@Z 10009780 f   ohcdmdd2:cpipe.obj
 0001:00008818       ?ScheduleTransfer@CControlPipe@@EAA?AW4HCD_REQUEST_STATUS@@XZ 10009818 f   ohcdmdd2:cpipe.obj
 0001:00008908       ?GetType@CInterruptPipe@@UAA?AW4PIPE_TYPE@@XZ 10009908 f i ohcdmdd2:cpipe.obj
 0001:00008910       ?ComputeLoad@CInterruptPipe@@ABAHH@Z 10009910 f   ohcdmdd2:cpipe.obj
 0001:00008990       ?OpenPipe@CInterruptPipe@@UAA?AW4HCD_REQUEST_STATUS@@XZ 10009990 f   ohcdmdd2:cpipe.obj
 0001:00008c08       ?UpdateInterruptQHTreeLoad@CInterruptPipe@@EAAXEH@Z 10009c08 f   ohcdmdd2:cpipe.obj
 0001:00008c0c       ?GetListHead@CInterruptPipe@@EAAPAKH@Z 10009c0c f   ohcdmdd2:cpipe.obj
 0001:00008c44       ?UpdateListControl@CInterruptPipe@@UAAXHH@Z 10009c44 f   ohcdmdd2:cpipe.obj
 0001:00008c64       ?AreTransferParametersValid@CInterruptPipe@@EBAHPBUSTRANSFER@@@Z 10009c64 f   ohcdmdd2:cpipe.obj
 0001:00008cd0       ?ScheduleTransfer@CInterruptPipe@@EAA?AW4HCD_REQUEST_STATUS@@XZ 10009cd0 f   ohcdmdd2:cpipe.obj
 0001:00008da0       ??0CIsochronousPipe@@QAA@QBU_USB_ENDPOINT_DESCRIPTOR@@HEQAVCOhcd@@@Z 10009da0 f   ohcdmdd2:cpipe.obj
 0001:00008e14       ?GetType@CIsochronousPipe@@UAA?AW4PIPE_TYPE@@XZ 10009e14 f i ohcdmdd2:cpipe.obj
 0001:00008e1c       ?GetTdSize@CIsochronousPipe@@UBA?BHXZ 10009e1c f i ohcdmdd2:cpipe.obj
 0001:00008e24       ??1CIsochronousPipe@@UAA@XZ 10009e24 f   ohcdmdd2:cpipe.obj
 0001:00008e64       ?OpenPipe@CIsochronousPipe@@UAA?AW4HCD_REQUEST_STATUS@@XZ 10009e64 f   ohcdmdd2:cpipe.obj
 0001:00009058       ?ClosePipe@CIsochronousPipe@@UAA?AW4HCD_REQUEST_STATUS@@XZ 1000a058 f   ohcdmdd2:cpipe.obj
 0001:000091d0       ?AbortTransfer@CIsochronousPipe@@UAA?AW4HCD_REQUEST_STATUS@@Q6AKPAX@ZQAXPBX@Z 1000a1d0 f   ohcdmdd2:cpipe.obj
 0001:00009374       ?GetListHead@CIsochronousPipe@@EAAPAKH@Z 1000a374 f   ohcdmdd2:cpipe.obj
 0001:000093a4       ?UpdateListControl@CIsochronousPipe@@UAAXHH@Z 1000a3a4 f   ohcdmdd2:cpipe.obj
 0001:000093c4       ?AreTransferParametersValid@CIsochronousPipe@@EBAHPBUSTRANSFER@@@Z 1000a3c4 f   ohcdmdd2:cpipe.obj
 0001:00009464       ?GetMemoryAllocationFlags@CIsochronousPipe@@EBAKXZ 1000a464 f   ohcdmdd2:cpipe.obj
 0001:0000946c       ?ScheduleTransfer@CIsochronousPipe@@EAA?AW4HCD_REQUEST_STATUS@@XZ 1000a46c f   ohcdmdd2:cpipe.obj
 0001:00009528       ?CheckForDoneTransfers@CIsochronousPipe@@UAAHTTDLINK@@@Z 1000a528 f   ohcdmdd2:cpipe.obj
 0001:000095b8       ?CreateBulkPipe@@YAPAVCPipeAbs@@QBU_USB_ENDPOINT_DESCRIPTOR@@HEQAVCHcd@@@Z 1000a5b8 f   ohcdmdd2:cpipe.obj
 0001:0000961c       ?CreateControlPipe@@YAPAVCPipeAbs@@QBU_USB_ENDPOINT_DESCRIPTOR@@HEQAVCHcd@@@Z 1000a61c f   ohcdmdd2:cpipe.obj
 0001:00009680       ?CreateInterruptPipe@@YAPAVCPipeAbs@@QBU_USB_ENDPOINT_DESCRIPTOR@@HEQAVCHcd@@@Z 1000a680 f   ohcdmdd2:cpipe.obj
 0001:000096e4       ?CreateIsochronousPipe@@YAPAVCPipeAbs@@QBU_USB_ENDPOINT_DESCRIPTOR@@HEQAVCHcd@@@Z 1000a6e4 f   ohcdmdd2:cpipe.obj
 0001:00009734       ??1CHCCAera@@QAA@XZ        1000a734 f   ohcdmdd2:cpipe.obj
 0001:00009758       ?CheckForDoneTransfersThreadStub@CHCCAera@@CAKPAX@Z 1000a758 f   ohcdmdd2:cpipe.obj
 0001:00009768       ??_ECPipe@@UAAPAXI@Z       1000a768 f i ohcdmdd2:cpipe.obj
 0001:00009768       ??_GCPipe@@UAAPAXI@Z       1000a768 f i ohcdmdd2:cpipe.obj
 0001:000097a8       ??_GCQueuedPipe@@UAAPAXI@Z 1000a7a8 f i ohcdmdd2:cpipe.obj
 0001:000097a8       ??_ECQueuedPipe@@UAAPAXI@Z 1000a7a8 f i ohcdmdd2:cpipe.obj
 0001:000097d0       ?ClosePipe@CQueuedPipe@@UAA?AW4HCD_REQUEST_STATUS@@XZ 1000a7d0 f   ohcdmdd2:cpipe.obj
 0001:000099a0       ??_ECBulkPipe@@UAAPAXI@Z   1000a9a0 f i ohcdmdd2:cpipe.obj
 0001:000099a0       ??_GCBulkPipe@@UAAPAXI@Z   1000a9a0 f i ohcdmdd2:cpipe.obj
 0001:000099d4       ??_GCControlPipe@@UAAPAXI@Z 1000a9d4 f i ohcdmdd2:cpipe.obj
 0001:000099d4       ??_ECControlPipe@@UAAPAXI@Z 1000a9d4 f i ohcdmdd2:cpipe.obj
 0001:00009a08       ??_ECInterruptPipe@@UAAPAXI@Z 1000aa08 f i ohcdmdd2:cpipe.obj
 0001:00009a08       ??_GCInterruptPipe@@UAAPAXI@Z 1000aa08 f i ohcdmdd2:cpipe.obj
 0001:00009a3c       ??_GCIsochronousPipe@@UAAPAXI@Z 1000aa3c f i ohcdmdd2:cpipe.obj
 0001:00009a3c       ??_ECIsochronousPipe@@UAAPAXI@Z 1000aa3c f i ohcdmdd2:cpipe.obj
 0001:00009a64       ?IssueTransfer@CIsochronousPipe@@UAA?AW4HCD_REQUEST_STATUS@@EQ6AKPAX@ZQAXKQBXKKQBKK2K3QAK5QAH55@Z 1000aa64 f   ohcdmdd2:cpipe.obj
 0001:00009cc0       ?Initialize@CHCCAera@@QAAHQAVCOhcd@@@Z 1000acc0 f   ohcdmdd2:cpipe.obj
 0001:00009ef4       ??0CHW@@QAA@SAEKQAVCPhysMem@@PAX@Z 1000aef4 f   ohcdmdd2:chw.obj
 0001:00009f90       ?SignalCheckForDoneTransfers@CHW@@UAAXK@Z 1000af90 f i ohcdmdd2:chw.obj
 0001:00009f94       ?DeInitialize@CHW@@UAAXXZ  1000af94 f   ohcdmdd2:chw.obj
 0001:0000a054       ?EnterOperationalState@CHW@@QAAXXZ 1000b054 f   ohcdmdd2:chw.obj
 0001:0000a06c       ?StopHostController@CHW@@QAAXXZ 1000b06c f   ohcdmdd2:chw.obj
 0001:0000a094       ?ListControl@CHW@@QAAXKHH@Z 1000b094 f   ohcdmdd2:chw.obj
 0001:0000a1a0       ?CeResumeThread@CHW@@AAAKXZ 1000b1a0 f   ohcdmdd2:chw.obj
 0001:0000a260       ?ResumeHostController@CHW@@AAAXXZ 1000b260 f   ohcdmdd2:chw.obj
 0001:0000a294       ?SetCapability@CHW@@UAAKK@Z 1000b294 f   ohcdmdd2:chw.obj
 0001:0000a370       ?UpdateFrameCounter@CHW@@AAAXXZ 1000b370 f   ohcdmdd2:chw.obj
 0001:0000a3b0       ?GetFrameNumber@CHW@@UAAHPAK@Z 1000b3b0 f   ohcdmdd2:chw.obj
 0001:0000a3e0       ?WaitOneFrame@CHW@@QAAHXZ  1000b3e0 f   ohcdmdd2:chw.obj
 0001:0000a454       ?GetFrameLength@CHW@@UAAHPAG@Z 1000b454 f   ohcdmdd2:chw.obj
 0001:0000a474       ?SetFrameLength@CHW@@UAAHPAXG@Z 1000b474 f   ohcdmdd2:chw.obj
 0001:0000a47c       ?StopAdjustingFrame@CHW@@UAAHXZ 1000b47c f   ohcdmdd2:chw.obj
 0001:0000a498       ?GetPortStatus@CHW@@UAAHEAAU_USB_HUB_AND_PORT_STATUS@@@Z 1000b498 f   ohcdmdd2:chw.obj
 0001:0000a5a0       ?GetRootHubDescriptor@CHW@@QAAXAAU_USB_HUB_DESCRIPTOR@@@Z 1000b5a0 f   ohcdmdd2:chw.obj
 0001:0000a69c       ?RootHubFeature@CHW@@UAAHEEG@Z 1000b69c f   ohcdmdd2:chw.obj
 0001:0000a7c0       ?ResetAndEnablePort@CHW@@UAAHE@Z 1000b7c0 f   ohcdmdd2:chw.obj
 0001:0000a898       ?DisablePort@CHW@@UAAXE@Z  1000b898 f   ohcdmdd2:chw.obj
 0001:0000a8bc       ?WaitForPortStatusChange@CHW@@UAAHPAX@Z 1000b8bc f   ohcdmdd2:chw.obj
 0001:0000a93c       ??1CHW@@UAA@XZ             1000b93c f   ohcdmdd2:chw.obj
 0001:0000a96c       ?CeResumeThreadStub@CHW@@CAKPAX@Z 1000b96c f   ohcdmdd2:chw.obj
 0001:0000a97c       ?PowerMgmtCallback@CHW@@UAAXH@Z 1000b97c f   ohcdmdd2:chw.obj
 0001:0000aa30       ?SuspendHC@CHW@@UAAHXZ     1000ba30 f   ohcdmdd2:chw.obj
 0001:0000aaa4       ?UsbInterruptThread@CHW@@AAAKXZ 1000baa4 f   ohcdmdd2:chw.obj
 0001:0000ac74       ?DidPortStatusChange@CHW@@UAAHE@Z 1000bc74 f   ohcdmdd2:chw.obj
 0001:0000aca0       ??_ECHW@@UAAPAXI@Z         1000bca0 f i ohcdmdd2:chw.obj
 0001:0000aca0       ??_GCHW@@UAAPAXI@Z         1000bca0 f i ohcdmdd2:chw.obj
 0001:0000acc8       ?UsbInterruptThreadStub@CHW@@CAKPAX@Z 1000bcc8 f   ohcdmdd2:chw.obj
 0001:0000acd8       ?Initialize@CHW@@UAAHXZ    1000bcd8 f   ohcdmdd2:chw.obj
 0001:0000b008       ?AdvanceTDQueueTail@TDQueue@@QAAHXZ 1000c008 f i ohcdmdd2:transfer.obj
 0001:0000b054       ?AdvanceITDQueueTail@ITDQueue@@QAAHXZ 1000c054 f i ohcdmdd2:transfer.obj
 0001:0000b0a8       ??0CTransfer@@QAA@QAVCQueuedPipe@@USTRANSFER@@PAV0@@Z 1000c0a8 f   ohcdmdd2:transfer.obj
 0001:0000b198       ?Canceled@CTransfer@@QAAHXZ 1000c198 f   ohcdmdd2:transfer.obj
 0001:0000b218       ??0TDQueue@@QAA@QAVCPhysMem@@KK@Z 1000c218 f   ohcdmdd2:transfer.obj
 0001:0000b244       ?QueueDeInit@TDQueue@@QAAXXZ 1000c244 f   ohcdmdd2:transfer.obj
 0001:0000b2a0       ?QueueInit@TDQueue@@QAAHXZ 1000c2a0 f   ohcdmdd2:transfer.obj
 0001:0000b40c       ?InitTDQueueTailTD@TDQueue@@QAAHPAVCTransfer@@PAVCQueuedPipe@@EKGKKH@Z 1000c40c f   ohcdmdd2:transfer.obj
 0001:0000b55c       ??0CITransfer@@QAA@QAVCIsochronousPipe@@USTRANSFER@@PAV0@@Z 1000c55c f   ohcdmdd2:transfer.obj
 0001:0000b604       ?DoneITD@CITransfer@@QAAHXZ 1000c604 f   ohcdmdd2:transfer.obj
 0001:0000b8a8       ?Canceled@CITransfer@@QAAHXZ 1000c8a8 f   ohcdmdd2:transfer.obj
 0001:0000b930       ?CheckFrame@CITransfer@@QBAHG@Z 1000c930 f   ohcdmdd2:transfer.obj
 0001:0000b9d0       ??0ITDQueue@@QAA@QAVCPhysMem@@KK@Z 1000c9d0 f   ohcdmdd2:transfer.obj
 0001:0000ba50       ?QueueDeInit@ITDQueue@@QAAXXZ 1000ca50 f   ohcdmdd2:transfer.obj
 0001:0000baac       ?QueueInit@ITDQueue@@QAAHXZ 1000caac f   ohcdmdd2:transfer.obj
 0001:0000bbfc       ?InitITDQueueTailITD@ITDQueue@@QAAHPAVCITransfer@@PAVCIsochronousPipe@@GGPBKEKK@Z 1000cbfc f   ohcdmdd2:transfer.obj
 0001:0000bdb4       ?ScheduleTD@CTransfer@@QAAHXZ 1000cdb4 f   ohcdmdd2:transfer.obj
 0001:0000c0cc       ?DoneTD@CTransfer@@QAAHXZ  1000d0cc f   ohcdmdd2:transfer.obj
 0001:0000c3a4       ??1TDQueue@@QAA@XZ         1000d3a4 f   ohcdmdd2:transfer.obj
 0001:0000c3bc       ?ScheduleITD@CITransfer@@QAAHXZ 1000d3bc f   ohcdmdd2:transfer.obj
 0001:0000c598       ??1ITDQueue@@QAA@XZ        1000d598 f   ohcdmdd2:transfer.obj
 0001:0000c5a8       InterlockedExchange        1000d5a8 f   coredll:COREDLL.dll
 0001:0000c5b8       InterruptDisable           1000d5b8 f   coredll:COREDLL.dll
 0001:0000c5c8       KernelIoControl            1000d5c8 f   coredll:COREDLL.dll
 0001:0000c5d8       SetInterruptEvent          1000d5d8 f   coredll:COREDLL.dll
 0001:0000c5e8       InterruptDone              1000d5e8 f   coredll:COREDLL.dll
 0001:0000c5f8       InterruptInitialize        1000d5f8 f   coredll:COREDLL.dll
 0001:0000c748       __IMPORT_DESCRIPTOR_COREDLL 1000d748     coredll:COREDLL.dll
 0001:0000c75c       __IMPORT_DESCRIPTOR_CEDDK  1000d75c     ceddk:CEDDK.dll
 0001:0000c770       __NULL_IMPORT_DESCRIPTOR   1000d770     coredll:COREDLL.dll
 0002:00000000       __imp_BusChildIoControl    1000e000     ceddk:CEDDK.dll
 0002:00000004       __imp_CreateBusAccessHandle 1000e004     ceddk:CEDDK.dll
 0002:00000008       __imp_CloseBusAccessHandle 1000e008     ceddk:CEDDK.dll
 0002:0000000c       __imp_BusTransBusAddrToStatic 1000e00c     ceddk:CEDDK.dll
 0002:00000010       __imp_HalAllocateCommonBuffer 1000e010     ceddk:CEDDK.dll
 0002:00000014       __imp_HalFreeCommonBuffer  1000e014     ceddk:CEDDK.dll
 0002:00000018       __imp_BusTransBusAddrToVirtual 1000e018     ceddk:CEDDK.dll
 0002:0000001c       \177CEDDK_NULL_THUNK_DATA  1000e01c     ceddk:CEDDK.dll
 0002:00000020       __imp_InitializeCriticalSection 1000e020     coredll:COREDLL.dll
 0002:00000024       __imp_DisableThreadLibraryCalls 1000e024     coredll:COREDLL.dll
 0002:00000028       __imp_OpenDeviceKey        1000e028     coredll:COREDLL.dll
 0002:0000002c       __imp_LeaveCriticalSection 1000e02c     coredll:COREDLL.dll
 0002:00000030       __imp_EnterCriticalSection 1000e030     coredll:COREDLL.dll
 0002:00000034       __imp_SetLastError         1000e034     coredll:COREDLL.dll
 0002:00000038       __imp_EventModify          1000e038     coredll:COREDLL.dll
 0002:0000003c       __imp_LocalAlloc           1000e03c     coredll:COREDLL.dll
 0002:00000040       __imp_LocalFree            1000e040     coredll:COREDLL.dll
 0002:00000044       __imp_WaitForSingleObject  1000e044     coredll:COREDLL.dll
 0002:00000048       __imp_FreePhysMem          1000e048     coredll:COREDLL.dll
 0002:0000004c       __imp_CloseHandle          1000e04c     coredll:COREDLL.dll
 0002:00000050       __imp_CreateEventW         1000e050     coredll:COREDLL.dll
 0002:00000054       __imp_DeleteCriticalSection 1000e054     coredll:COREDLL.dll
 0002:00000058       __imp_GetProcAddressW      1000e058     coredll:COREDLL.dll
 0002:0000005c       __imp_LoadDriver           1000e05c     coredll:COREDLL.dll
 0002:00000060       __imp_FreeLibrary          1000e060     coredll:COREDLL.dll
 0002:00000064       __imp_Sleep                1000e064     coredll:COREDLL.dll
 0002:00000068       __imp_GetTickCount         1000e068     coredll:COREDLL.dll
 0002:0000006c       __imp_WaitForMultipleObjects 1000e06c     coredll:COREDLL.dll
 0002:00000070       __imp_NKDbgPrintfW         1000e070     coredll:COREDLL.dll
 0002:00000074       __imp_CeGetThreadPriority  1000e074     coredll:COREDLL.dll
 0002:00000078       __imp_CeSetThreadPriority  1000e078     coredll:COREDLL.dll
 0002:0000007c       __imp_CreateThread         1000e07c     coredll:COREDLL.dll
 0002:00000080       __imp___GetUserKData       1000e080     coredll:COREDLL.dll
 0002:00000084       __imp_RaiseException       1000e084     coredll:COREDLL.dll
 0002:00000088       __imp_DDKReg_GetWindowInfo 1000e088     coredll:COREDLL.dll
 0002:0000008c       __imp_DDKReg_GetIsrInfo    1000e08c     coredll:COREDLL.dll
 0002:00000090       __imp_LoadIntChainHandler  1000e090     coredll:COREDLL.dll
 0002:00000094       __imp_KernelLibIoControl   1000e094     coredll:COREDLL.dll
 0002:00000098       __imp_FreeIntChainHandler  1000e098     coredll:COREDLL.dll
 0002:0000009c       __imp_RegOpenKeyExW        1000e09c     coredll:COREDLL.dll
 0002:000000a0       __imp_RegQueryValueExW     1000e0a0     coredll:COREDLL.dll
 0002:000000a4       __imp_AllocPhysMem         1000e0a4     coredll:COREDLL.dll
 0002:000000a8       __imp_RegCloseKey          1000e0a8     coredll:COREDLL.dll
 0002:000000ac       __imp_wcsncpy              1000e0ac     corelib1:COREDLL.dll
 0002:000000b0       __imp_free                 1000e0b0     corelib1:COREDLL.dll
 0002:000000b4       __imp_malloc               1000e0b4     corelib1:COREDLL.dll
 0002:000000b8       __imp_??3@YAXPAX@Z         1000e0b8     corelib1:COREDLL.dll
 0002:000000bc       __imp_??2@YAPAXI@Z         1000e0bc     corelib1:COREDLL.dll
 0002:000000c0       __imp__purecall            1000e0c0     corelib1:COREDLL.dll
 0002:000000c4       __imp_memset               1000e0c4     corelib1:COREDLL.dll
 0002:000000c8       __imp_memcpy               1000e0c8     corelib1:COREDLL.dll
 0002:000000cc       __imp_??_V@YAXPAX@Z        1000e0cc     corelib1:COREDLL.dll
 0002:000000d0       __imp_??_U@YAPAXI@Z        1000e0d0     corelib1:COREDLL.dll
 0002:000000d4       __imp_memcmp               1000e0d4     corelib1:COREDLL.dll
 0002:000000d8       __imp___C_specific_handler 1000e0d8     corelib1:COREDLL.dll
 0002:000000dc       __imp___report_gsfailure   1000e0dc     corelib1:COREDLL.dll
 0002:000000e0       __imp_InterlockedExchange  1000e0e0     coredll:COREDLL.dll
 0002:000000e4       __imp_InterruptDisable     1000e0e4     coredll:COREDLL.dll
 0002:000000e8       __imp_KernelIoControl      1000e0e8     coredll:COREDLL.dll
 0002:000000ec       __imp_SetInterruptEvent    1000e0ec     coredll:COREDLL.dll
 0002:000000f0       __imp_InterruptDone        1000e0f0     coredll:COREDLL.dll
 0002:000000f4       __imp_InterruptInitialize  1000e0f4     coredll:COREDLL.dll
 0002:000000f8       __imp___rt_udiv            1000e0f8     corelib1:COREDLL.dll
 0002:000000fc       \177COREDLL_NULL_THUNK_DATA 1000e0fc     coredll:COREDLL.dll
 0002:00000100       ?gc_HcdFuncs@@3U_HCD_FUNCS@@A 1000e100     hcdlib:hcddrv.obj
 0002:00000134       __security_cookie          1000e134     corelib0:seccinit.obj
 0002:00000138       __security_cookie_complement 1000e138     corelib0:seccinit.obj
 0002:0000013c       g_IstThreadPriority        1000e13c     hcdlib:hcddrv.obj
 0002:00000140       ?g_CSection@@3UCRITICAL_SECTION@@A 1000e140     hcdlib:hcddrv.obj
 0002:00000154       g_dwContext                1000e154     hcdlib:hcddrv.obj

 entry point at        0001:00001340

 Static symbols

 0001:00000dc0       InitializeOHCI             10001dc0 f   2440_ohci.obj
 0001:0000139c       HcdGetFrameNumber          1000239c f   hcdlib:hcddrv.obj
 0001:000013b8       HcdGetFrameLength          100023b8 f   hcdlib:hcddrv.obj
 0001:000013d4       HcdSetFrameLength          100023d4 f   hcdlib:hcddrv.obj
 0001:000013f0       HcdStopAdjustingFrame      100023f0 f   hcdlib:hcddrv.obj
 0001:0000140c       HcdOpenPipe                1000240c f   hcdlib:hcddrv.obj
 0001:0000141c       HcdClosePipe               1000241c f   hcdlib:hcddrv.obj
 0001:0000142c       HcdResetPipe               1000242c f   hcdlib:hcddrv.obj
 0001:0000143c       HcdIsPipeHalted            1000243c f   hcdlib:hcddrv.obj
 0001:0000144c       HcdIssueTransfer           1000244c f   hcdlib:hcddrv.obj
 0001:000014fc       HcdAbortTransfer           100024fc f   hcdlib:hcddrv.obj
 0001:00001524       HcdDisableDevice           10002524 f   hcdlib:hcddrv.obj
 0001:00001540       HcdSuspendResume           10002540 f   hcdlib:hcddrv.obj
